
-----------------run cat /proc/meminfo------------------
MemTotal:        3648468 kB
MemFree:          590176 kB
MemAvailable:    2495060 kB
Buffers:           76252 kB
Cached:          1962588 kB
SwapCached:            0 kB
Active:           976984 kB
Inactive:        1771744 kB
Active(anon):       3788 kB
Inactive(anon):   709672 kB
Active(file):     973196 kB
Inactive(file):  1062072 kB
Unevictable:           0 kB
Mlocked:               0 kB
SwapTotal:             0 kB
SwapFree:              0 kB
Dirty:              8696 kB
Writeback:             0 kB
AnonPages:        665232 kB
Mapped:           748000 kB
Shmem:              5488 kB
KReclaimable:     145496 kB
Slab:             204872 kB
SReclaimable:     145496 kB
SUnreclaim:        59376 kB
KernelStack:       11568 kB
PageTables:        11092 kB
NFS_Unstable:          0 kB
Bounce:                0 kB
WritebackTmp:          0 kB
CommitLimit:     1824232 kB
Committed_AS:    3981644 kB
VmallocTotal:   34359738367 kB
VmallocUsed:       20124 kB
VmallocChunk:          0 kB
Percpu:             4672 kB
HardwareCorrupted:     0 kB
AnonHugePages:    231424 kB
ShmemHugePages:        0 kB
ShmemPmdMapped:        0 kB
FileHugePages:    194560 kB
FilePmdMapped:    174080 kB
CmaTotal:              0 kB
CmaFree:               0 kB
DupText:               0 kB
MemZeroed:             0 kB
Unaccepted:            0 kB
HugePages_Total:       0
HugePages_Free:        0
HugePages_Rsvd:        0
HugePages_Surp:        0
Hugepagesize:       2048 kB
Hugetlb:               0 kB
DirectMap4k:      224532 kB
DirectMap2M:     3803136 kB
DirectMap1G:           0 kB
------------End of cat----------------

-----------------run cat /proc/buddyinfo------------------
Node 0, zone      DMA      3      2      1      1      2      2      2      3      2      1      2 
Node 0, zone    DMA32    707   4863   7287   3236   1428    350    145     82     50      5      2 
Node 0, zone   Normal    562    410    204    168     44     25     11      3      4      0      0 
------------End of cat----------------

-----------------run cat /proc/vmallocinfo------------------
0xffffb9f080000000-0xffffb9f080005000   20480 map_irq_stack+0x8e/0xe0 vmap
0xffffb9f080005000-0xffffb9f08004e000  299008 kfence_init_pool_area+0x95/0x220 pages=72 vmalloc N0=72
0xffffb9f08004e000-0xffffb9f080050000    8192 acpi_os_map_iomem+0x1c7/0x1e0 phys=0x00000000bfbf7000 ioremap
0xffffb9f080050000-0xffffb9f080052000    8192 acpi_os_map_iomem+0x1c7/0x1e0 phys=0x00000000bfbf8000 ioremap
0xffffb9f080052000-0xffffb9f080054000    8192 acpi_os_map_iomem+0x1c7/0x1e0 phys=0x00000000bfbfd000 ioremap
0xffffb9f080054000-0xffffb9f080056000    8192 acpi_os_map_iomem+0x1c7/0x1e0 phys=0x00000000bfbf6000 ioremap
0xffffb9f080056000-0xffffb9f080058000    8192 acpi_os_map_iomem+0x1c7/0x1e0 phys=0x00000000bfbf5000 ioremap
0xffffb9f080058000-0xffffb9f08005a000    8192 acpi_os_map_iomem+0x1c7/0x1e0 phys=0x00000000bfbf4000 ioremap
0xffffb9f08005a000-0xffffb9f08005c000    8192 acpi_os_map_iomem+0x1c7/0x1e0 phys=0x00000000bfbf3000 ioremap
0xffffb9f08005c000-0xffffb9f08005e000    8192 gen_pool_add_owner+0x3a/0xc0 pages=1 vmalloc N0=1
0xffffb9f08005e000-0xffffb9f080060000    8192 bpf_prog_alloc_no_stats+0x2e/0x120 pages=1 vmalloc N0=1
0xffffb9f080060000-0xffffb9f080065000   20480 dup_task_struct+0x44/0x2e0 pages=4 vmalloc N0=4
0xffffb9f080065000-0xffffb9f080067000    8192 gen_pool_add_owner+0x3a/0xc0 pages=1 vmalloc N0=1
0xffffb9f080068000-0xffffb9f08006d000   20480 dup_task_struct+0x44/0x2e0 pages=4 vmalloc N0=4
0xffffb9f08006d000-0xffffb9f08006f000    8192 gen_pool_add_owner+0x3a/0xc0 pages=1 vmalloc N0=1
0xffffb9f080070000-0xffffb9f080075000   20480 dup_task_struct+0x44/0x2e0 pages=4 vmalloc N0=4
0xffffb9f080075000-0xffffb9f080077000    8192 gen_pool_add_owner+0x3a/0xc0 pages=1 vmalloc N0=1
0xffffb9f080078000-0xffffb9f08007d000   20480 dup_task_struct+0x44/0x2e0 pages=4 vmalloc N0=4
0xffffb9f08007d000-0xffffb9f08007f000    8192 acpi_os_map_iomem+0x1c7/0x1e0 phys=0x00000000fed00000 ioremap
0xffffb9f08007f000-0xffffb9f080081000    8192 bpf_prog_alloc_no_stats+0x2e/0x120 pages=1 vmalloc N0=1
0xffffb9f080085000-0xffffb9f080087000    8192 memremap+0x7e/0x110 phys=0x00000000bfbcb000 ioremap
0xffffb9f080088000-0xffffb9f08008d000   20480 dup_task_struct+0x44/0x2e0 pages=4 vmalloc N0=4
0xffffb9f08008d000-0xffffb9f08008f000    8192 virtio_pci_legacy_probe+0x85/0x160 phys=0x00000000c2002000 ioremap
0xffffb9f080090000-0xffffb9f080095000   20480 dup_task_struct+0x44/0x2e0 pages=4 vmalloc N0=4
0xffffb9f080095000-0xffffb9f080097000    8192 virtio_pci_legacy_probe+0x85/0x160 phys=0x00000000c2004000 ioremap
0xffffb9f080098000-0xffffb9f08009d000   20480 dup_task_struct+0x44/0x2e0 pages=4 vmalloc N0=4
0xffffb9f08009d000-0xffffb9f08009f000    8192 virtio_pci_legacy_probe+0x85/0x160 phys=0x00000000c2006000 ioremap
0xffffb9f0800a0000-0xffffb9f0800a5000   20480 dup_task_struct+0x44/0x2e0 pages=4 vmalloc N0=4
0xffffb9f0800a5000-0xffffb9f0800a7000    8192 msix_capability_init+0xc4/0x140 phys=0x00000000c2003000 ioremap
0xffffb9f0800a8000-0xffffb9f0800ad000   20480 dup_task_struct+0x44/0x2e0 pages=4 vmalloc N0=4
0xffffb9f0800ad000-0xffffb9f0800af000    8192 msix_capability_init+0xc4/0x140 phys=0x00000000c2005000 ioremap
0xffffb9f0800b0000-0xffffb9f0800b5000   20480 dup_task_struct+0x44/0x2e0 pages=4 vmalloc N0=4
0xffffb9f0800b5000-0xffffb9f0800b7000    8192 bpf_prog_alloc_no_stats+0x2e/0x120 pages=1 vmalloc N0=1
0xffffb9f0800b8000-0xffffb9f0800bd000   20480 dup_task_struct+0x44/0x2e0 pages=4 vmalloc N0=4
0xffffb9f0800bd000-0xffffb9f0800bf000    8192 memremap+0x7e/0x110 phys=0x00000000be6a8000 ioremap
0xffffb9f0800c0000-0xffffb9f0800c5000   20480 dup_task_struct+0x44/0x2e0 pages=4 vmalloc N0=4
0xffffb9f0800c5000-0xffffb9f0800c7000    8192 bpf_prog_alloc_no_stats+0x2e/0x120 pages=1 vmalloc N0=1
0xffffb9f0800c8000-0xffffb9f0800cd000   20480 dup_task_struct+0x44/0x2e0 pages=4 vmalloc N0=4
0xffffb9f0800cd000-0xffffb9f0800cf000    8192 bpf_prog_alloc_no_stats+0x2e/0x120 pages=1 vmalloc N0=1
0xffffb9f0800d0000-0xffffb9f0800d5000   20480 dup_task_struct+0x44/0x2e0 pages=4 vmalloc N0=4
0xffffb9f0800d5000-0xffffb9f0800d7000    8192 bpf_prog_alloc_no_stats+0x2e/0x120 pages=1 vmalloc N0=1
0xffffb9f0800d8000-0xffffb9f0800dd000   20480 dup_task_struct+0x44/0x2e0 pages=4 vmalloc N0=4
0xffffb9f0800dd000-0xffffb9f0800df000    8192 bpf_prog_alloc_no_stats+0x2e/0x120 pages=1 vmalloc N0=1
0xffffb9f0800e0000-0xffffb9f0800e5000   20480 dup_task_struct+0x44/0x2e0 pages=4 vmalloc N0=4
0xffffb9f0800e5000-0xffffb9f0800e7000    8192 bpf_prog_alloc_no_stats+0x2e/0x120 pages=1 vmalloc N0=1
0xffffb9f0800e8000-0xffffb9f0800ed000   20480 dup_task_struct+0x44/0x2e0 pages=4 vmalloc N0=4
0xffffb9f0800ed000-0xffffb9f0800ef000    8192 bpf_prog_alloc_no_stats+0x2e/0x120 pages=1 vmalloc N0=1
0xffffb9f0800f0000-0xffffb9f0800f5000   20480 dup_task_struct+0x44/0x2e0 pages=4 vmalloc N0=4
0xffffb9f0800f5000-0xffffb9f0800f7000    8192 bpf_prog_alloc_no_stats+0x2e/0x120 pages=1 vmalloc N0=1
0xffffb9f0800f8000-0xffffb9f0800fd000   20480 dup_task_struct+0x44/0x2e0 pages=4 vmalloc N0=4
0xffffb9f0800fd000-0xffffb9f0800ff000    8192 bpf_prog_alloc_no_stats+0x2e/0x120 pages=1 vmalloc N0=1
0xffffb9f080100000-0xffffb9f080105000   20480 dup_task_struct+0x44/0x2e0 pages=4 vmalloc N0=4
0xffffb9f080105000-0xffffb9f080107000    8192 bpf_prog_alloc_no_stats+0x2e/0x120 pages=1 vmalloc N0=1
0xffffb9f080107000-0xffffb9f08010b000   16384 n_tty_open+0x14/0xa0 pages=3 vmalloc N0=3
0xffffb9f08010d000-0xffffb9f08010f000    8192 bpf_prog_alloc_no_stats+0x2e/0x120 pages=1 vmalloc N0=1
0xffffb9f080110000-0xffffb9f080115000   20480 dup_task_struct+0x44/0x2e0 pages=4 vmalloc N0=4
0xffffb9f080115000-0xffffb9f08011a000   20480 map_irq_stack+0x8e/0xe0 vmap
0xffffb9f08011a000-0xffffb9f08011c000    8192 bpf_prog_alloc_no_stats+0x2e/0x120 pages=1 vmalloc N0=1
0xffffb9f08011c000-0xffffb9f080121000   20480 dup_task_struct+0x44/0x2e0 pages=4 vmalloc N0=4
0xffffb9f080121000-0xffffb9f080123000    8192 bpf_prog_alloc_no_stats+0x2e/0x120 pages=1 vmalloc N0=1
0xffffb9f080124000-0xffffb9f080129000   20480 dup_task_struct+0x44/0x2e0 pages=4 vmalloc N0=4
0xffffb9f080129000-0xffffb9f08012b000    8192 bpf_prog_alloc_no_stats+0x2e/0x120 pages=1 vmalloc N0=1
0xffffb9f08012c000-0xffffb9f080131000   20480 dup_task_struct+0x44/0x2e0 pages=4 vmalloc N0=4
0xffffb9f080131000-0xffffb9f080133000    8192 bpf_prog_alloc_no_stats+0x2e/0x120 pages=1 vmalloc N0=1
0xffffb9f080133000-0xffffb9f080137000   16384 n_tty_open+0x14/0xa0 pages=3 vmalloc N0=3
0xffffb9f080139000-0xffffb9f08013b000    8192 bpf_prog_alloc_no_stats+0x2e/0x120 pages=1 vmalloc N0=1
0xffffb9f08013c000-0xffffb9f080141000   20480 dup_task_struct+0x44/0x2e0 pages=4 vmalloc N0=4
0xffffb9f080141000-0xffffb9f080146000   20480 map_irq_stack+0x8e/0xe0 vmap
0xffffb9f080146000-0xffffb9f080148000    8192 bpf_prog_alloc_no_stats+0x2e/0x120 pages=1 vmalloc N0=1
0xffffb9f080148000-0xffffb9f08014d000   20480 dup_task_struct+0x44/0x2e0 pages=4 vmalloc N0=4
0xffffb9f08014d000-0xffffb9f08014f000    8192 bpf_prog_alloc_no_stats+0x2e/0x120 pages=1 vmalloc N0=1
0xffffb9f080150000-0xffffb9f080155000   20480 dup_task_struct+0x44/0x2e0 pages=4 vmalloc N0=4
0xffffb9f080155000-0xffffb9f080157000    8192 bpf_prog_alloc_no_stats+0x2e/0x120 pages=1 vmalloc N0=1
0xffffb9f080158000-0xffffb9f08015d000   20480 dup_task_struct+0x44/0x2e0 pages=4 vmalloc N0=4
0xffffb9f08015d000-0xffffb9f08015f000    8192 bpf_prog_alloc_no_stats+0x2e/0x120 pages=1 vmalloc N0=1
0xffffb9f080160000-0xffffb9f080165000   20480 dup_task_struct+0x44/0x2e0 pages=4 vmalloc N0=4
0xffffb9f080165000-0xffffb9f080167000    8192 bpf_prog_alloc_no_stats+0x2e/0x120 pages=1 vmalloc N0=1
0xffffb9f080168000-0xffffb9f08016d000   20480 dup_task_struct+0x44/0x2e0 pages=4 vmalloc N0=4
0xffffb9f08016d000-0xffffb9f080172000   20480 map_irq_stack+0x8e/0xe0 vmap
0xffffb9f080172000-0xffffb9f080174000    8192 bpf_prog_alloc_no_stats+0x2e/0x120 pages=1 vmalloc N0=1
0xffffb9f080174000-0xffffb9f080179000   20480 dup_task_struct+0x44/0x2e0 pages=4 vmalloc N0=4
0xffffb9f080179000-0xffffb9f08017b000    8192 bpf_prog_alloc_no_stats+0x2e/0x120 pages=1 vmalloc N0=1
0xffffb9f08017c000-0xffffb9f080181000   20480 dup_task_struct+0x44/0x2e0 pages=4 vmalloc N0=4
0xffffb9f080181000-0xffffb9f080183000    8192 bpf_prog_alloc_no_stats+0x2e/0x120 pages=1 vmalloc N0=1
0xffffb9f080184000-0xffffb9f080189000   20480 dup_task_struct+0x44/0x2e0 pages=4 vmalloc N0=4
0xffffb9f080189000-0xffffb9f08018b000    8192 bpf_prog_alloc_no_stats+0x2e/0x120 pages=1 vmalloc N0=1
0xffffb9f08018c000-0xffffb9f080191000   20480 dup_task_struct+0x44/0x2e0 pages=4 vmalloc N0=4
0xffffb9f080191000-0xffffb9f080193000    8192 bpf_prog_alloc_no_stats+0x2e/0x120 pages=1 vmalloc N0=1
0xffffb9f080199000-0xffffb9f08019b000    8192 bpf_prog_alloc_no_stats+0x2e/0x120 pages=1 vmalloc N0=1
0xffffb9f08019c000-0xffffb9f0801a1000   20480 dup_task_struct+0x44/0x2e0 pages=4 vmalloc N0=4
0xffffb9f0801a1000-0xffffb9f0801a3000    8192 bpf_prog_alloc_no_stats+0x2e/0x120 pages=1 vmalloc N0=1
0xffffb9f0801a4000-0xffffb9f0801a9000   20480 dup_task_struct+0x44/0x2e0 pages=4 vmalloc N0=4
0xffffb9f0801a9000-0xffffb9f0801ab000    8192 bpf_prog_alloc_no_stats+0x2e/0x120 pages=1 vmalloc N0=1
0xffffb9f0801ac000-0xffffb9f0801b1000   20480 dup_task_struct+0x44/0x2e0 pages=4 vmalloc N0=4
0xffffb9f0801b1000-0xffffb9f0801b3000    8192 bpf_prog_alloc_no_stats+0x2e/0x120 pages=1 vmalloc N0=1
0xffffb9f0801b4000-0xffffb9f0801b9000   20480 dup_task_struct+0x44/0x2e0 pages=4 vmalloc N0=4
0xffffb9f0801b9000-0xffffb9f0801bb000    8192 bpf_prog_alloc_no_stats+0x2e/0x120 pages=1 vmalloc N0=1
0xffffb9f0801bc000-0xffffb9f0801c1000   20480 dup_task_struct+0x44/0x2e0 pages=4 vmalloc N0=4
0xffffb9f0801c1000-0xffffb9f0801c6000   20480 pcpu_alloc_chunk+0x50/0x120 pages=4 vmalloc N0=4
0xffffb9f0801c6000-0xffffb9f0801c8000    8192 bpf_prog_alloc_no_stats+0x2e/0x120 pages=1 vmalloc N0=1
0xffffb9f0801c8000-0xffffb9f0801cd000   20480 dup_task_struct+0x44/0x2e0 pages=4 vmalloc N0=4
0xffffb9f0801cd000-0xffffb9f0801d3000   24576 pcpu_alloc_chunk+0x77/0x120 pages=5 vmalloc N0=5
0xffffb9f0801d4000-0xffffb9f0801d9000   20480 dup_task_struct+0x44/0x2e0 pages=4 vmalloc N0=4
0xffffb9f0801d9000-0xffffb9f0801db000    8192 bpf_prog_alloc_no_stats+0x2e/0x120 pages=1 vmalloc N0=1
0xffffb9f0801dc000-0xffffb9f0801e1000   20480 dup_task_struct+0x44/0x2e0 pages=4 vmalloc N0=4
0xffffb9f0801e1000-0xffffb9f0801e3000    8192 bpf_prog_alloc_no_stats+0x2e/0x120 pages=1 vmalloc N0=1
0xffffb9f0801e4000-0xffffb9f0801e9000   20480 dup_task_struct+0x44/0x2e0 pages=4 vmalloc N0=4
0xffffb9f0801e9000-0xffffb9f0801eb000    8192 bpf_prog_alloc_no_stats+0x2e/0x120 pages=1 vmalloc N0=1
0xffffb9f0801ec000-0xffffb9f0801f1000   20480 dup_task_struct+0x44/0x2e0 pages=4 vmalloc N0=4
0xffffb9f0801f1000-0xffffb9f0801f3000    8192 bpf_prog_alloc_no_stats+0x2e/0x120 pages=1 vmalloc N0=1
0xffffb9f0801f3000-0xffffb9f0801f5000    8192 bpf_prog_alloc_no_stats+0x2e/0x120 pages=1 vmalloc N0=1
0xffffb9f0801f5000-0xffffb9f0801f7000    8192 bpf_prog_alloc_no_stats+0x2e/0x120 pages=1 vmalloc N0=1
0xffffb9f0801f7000-0xffffb9f0801f9000    8192 bpf_prog_alloc_no_stats+0x2e/0x120 pages=1 vmalloc N0=1
0xffffb9f0801f9000-0xffffb9f0801fb000    8192 bpf_prog_alloc_no_stats+0x2e/0x120 pages=1 vmalloc N0=1
0xffffb9f080201000-0xffffb9f080203000    8192 bpf_prog_alloc_no_stats+0x2e/0x120 pages=1 vmalloc N0=1
0xffffb9f080204000-0xffffb9f080209000   20480 dup_task_struct+0x44/0x2e0 pages=4 vmalloc N0=4
0xffffb9f080209000-0xffffb9f08020b000    8192 bpf_prog_alloc_no_stats+0x2e/0x120 pages=1 vmalloc N0=1
0xffffb9f080211000-0xffffb9f080213000    8192 bpf_prog_alloc_no_stats+0x2e/0x120 pages=1 vmalloc N0=1
0xffffb9f080213000-0xffffb9f080215000    8192 msix_capability_init+0xc4/0x140 phys=0x00000000c2007000 ioremap
0xffffb9f080215000-0xffffb9f080217000    8192 devm_ioremap+0x3e/0x80 phys=0x00000000c2001000 ioremap
0xffffb9f080217000-0xffffb9f080219000    8192 bpf_prog_alloc_no_stats+0x2e/0x120 pages=1 vmalloc N0=1
0xffffb9f080219000-0xffffb9f08021b000    8192 msix_capability_init+0xc4/0x140 phys=0x00000000c2000000 ioremap
0xffffb9f08021c000-0xffffb9f080221000   20480 dup_task_struct+0x44/0x2e0 pages=4 vmalloc N0=4
0xffffb9f080221000-0xffffb9f080223000    8192 bpf_prog_alloc_no_stats+0x2e/0x120 pages=1 vmalloc N0=1
0xffffb9f080229000-0xffffb9f08022b000    8192 bpf_prog_alloc_no_stats+0x2e/0x120 pages=1 vmalloc N0=1
0xffffb9f08022b000-0xffffb9f08022d000    8192 bpf_prog_alloc_no_stats+0x2e/0x120 pages=1 vmalloc N0=1
0xffffb9f08022d000-0xffffb9f08022f000    8192 bpf_prog_alloc_no_stats+0x2e/0x120 pages=1 vmalloc N0=1
0xffffb9f080235000-0xffffb9f080237000    8192 bpf_prog_alloc_no_stats+0x2e/0x120 pages=1 vmalloc N0=1
0xffffb9f080237000-0xffffb9f080239000    8192 bpf_prog_alloc_no_stats+0x2e/0x120 pages=1 vmalloc N0=1
0xffffb9f080239000-0xffffb9f08023b000    8192 bpf_prog_alloc_no_stats+0x2e/0x120 pages=1 vmalloc N0=1
0xffffb9f080241000-0xffffb9f080243000    8192 bpf_prog_alloc_no_stats+0x2e/0x120 pages=1 vmalloc N0=1
0xffffb9f080243000-0xffffb9f080245000    8192 bpf_prog_alloc_no_stats+0x2e/0x120 pages=1 vmalloc N0=1
0xffffb9f080245000-0xffffb9f080247000    8192 bpf_prog_alloc_no_stats+0x2e/0x120 pages=1 vmalloc N0=1
0xffffb9f080247000-0xffffb9f080249000    8192 bpf_prog_alloc_no_stats+0x2e/0x120 pages=1 vmalloc N0=1
0xffffb9f080249000-0xffffb9f08024b000    8192 bpf_prog_alloc_no_stats+0x2e/0x120 pages=1 vmalloc N0=1
0xffffb9f08024c000-0xffffb9f080251000   20480 dup_task_struct+0x44/0x2e0 pages=4 vmalloc N0=4
0xffffb9f080251000-0xffffb9f080253000    8192 bpf_prog_alloc_no_stats+0x2e/0x120 pages=1 vmalloc N0=1
0xffffb9f080254000-0xffffb9f080259000   20480 dup_task_struct+0x44/0x2e0 pages=4 vmalloc N0=4
0xffffb9f080259000-0xffffb9f08025b000    8192 bpf_prog_alloc_no_stats+0x2e/0x120 pages=1 vmalloc N0=1
0xffffb9f08025b000-0xffffb9f08025d000    8192 bpf_prog_alloc_no_stats+0x2e/0x120 pages=1 vmalloc N0=1
0xffffb9f08025d000-0xffffb9f08025f000    8192 bpf_prog_alloc_no_stats+0x2e/0x120 pages=1 vmalloc N0=1
0xffffb9f08025f000-0xffffb9f080261000    8192 bpf_prog_alloc_no_stats+0x2e/0x120 pages=1 vmalloc N0=1
0xffffb9f080261000-0xffffb9f080263000    8192 bpf_prog_alloc_no_stats+0x2e/0x120 pages=1 vmalloc N0=1
0xffffb9f080264000-0xffffb9f080269000   20480 dup_task_struct+0x44/0x2e0 pages=4 vmalloc N0=4
0xffffb9f080269000-0xffffb9f08026b000    8192 bpf_prog_alloc_no_stats+0x2e/0x120 pages=1 vmalloc N0=1
0xffffb9f08026b000-0xffffb9f08026d000    8192 bpf_prog_alloc_no_stats+0x2e/0x120 pages=1 vmalloc N0=1
0xffffb9f08026d000-0xffffb9f08026f000    8192 bpf_prog_alloc_no_stats+0x2e/0x120 pages=1 vmalloc N0=1
0xffffb9f08026f000-0xffffb9f080271000    8192 bpf_prog_alloc_no_stats+0x2e/0x120 pages=1 vmalloc N0=1
0xffffb9f080271000-0xffffb9f080273000    8192 bpf_prog_alloc_no_stats+0x2e/0x120 pages=1 vmalloc N0=1
0xffffb9f080273000-0xffffb9f080275000    8192 virtio_pci_legacy_probe+0x85/0x160 phys=0x00000000c2008000 ioremap
0xffffb9f080275000-0xffffb9f080277000    8192 bpf_prog_alloc_no_stats+0x2e/0x120 pages=1 vmalloc N0=1
0xffffb9f080277000-0xffffb9f080279000    8192 bpf_prog_alloc_no_stats+0x2e/0x120 pages=1 vmalloc N0=1
0xffffb9f080279000-0xffffb9f08027b000    8192 bpf_prog_alloc_no_stats+0x2e/0x120 pages=1 vmalloc N0=1
0xffffb9f08027b000-0xffffb9f08027d000    8192 bpf_prog_alloc_no_stats+0x2e/0x120 pages=1 vmalloc N0=1
0xffffb9f08027d000-0xffffb9f08027f000    8192 bpf_prog_alloc_no_stats+0x2e/0x120 pages=1 vmalloc N0=1
0xffffb9f08027f000-0xffffb9f080281000    8192 bpf_prog_alloc_no_stats+0x2e/0x120 pages=1 vmalloc N0=1
0xffffb9f080281000-0xffffb9f080283000    8192 bpf_prog_alloc_no_stats+0x2e/0x120 pages=1 vmalloc N0=1
0xffffb9f080289000-0xffffb9f08028b000    8192 bpf_prog_alloc_no_stats+0x2e/0x120 pages=1 vmalloc N0=1
0xffffb9f08028c000-0xffffb9f080291000   20480 dup_task_struct+0x44/0x2e0 pages=4 vmalloc N0=4
0xffffb9f080291000-0xffffb9f080293000    8192 bpf_prog_alloc_no_stats+0x2e/0x120 pages=1 vmalloc N0=1
0xffffb9f080294000-0xffffb9f080299000   20480 dup_task_struct+0x44/0x2e0 pages=4 vmalloc N0=4
0xffffb9f080299000-0xffffb9f08029b000    8192 bpf_prog_alloc_no_stats+0x2e/0x120 pages=1 vmalloc N0=1
0xffffb9f08029c000-0xffffb9f0802a1000   20480 dup_task_struct+0x44/0x2e0 pages=4 vmalloc N0=4
0xffffb9f0802a1000-0xffffb9f0802a3000    8192 bpf_prog_alloc_no_stats+0x2e/0x120 pages=1 vmalloc N0=1
0xffffb9f0802a9000-0xffffb9f0802ab000    8192 bpf_prog_alloc_no_stats+0x2e/0x120 pages=1 vmalloc N0=1
0xffffb9f0802ac000-0xffffb9f0802b1000   20480 dup_task_struct+0x44/0x2e0 pages=4 vmalloc N0=4
0xffffb9f0802b1000-0xffffb9f0802b3000    8192 bpf_prog_alloc_no_stats+0x2e/0x120 pages=1 vmalloc N0=1
0xffffb9f0802b4000-0xffffb9f0802b9000   20480 dup_task_struct+0x44/0x2e0 pages=4 vmalloc N0=4
0xffffb9f0802b9000-0xffffb9f0802bb000    8192 bpf_prog_alloc_no_stats+0x2e/0x120 pages=1 vmalloc N0=1
0xffffb9f0802bb000-0xffffb9f0802bd000    8192 bpf_prog_alloc_no_stats+0x2e/0x120 pages=1 vmalloc N0=1
0xffffb9f0802bd000-0xffffb9f0802bf000    8192 bpf_prog_alloc_no_stats+0x2e/0x120 pages=1 vmalloc N0=1
0xffffb9f0802bf000-0xffffb9f0802c1000    8192 bpf_prog_alloc_no_stats+0x2e/0x120 pages=1 vmalloc N0=1
0xffffb9f0802c1000-0xffffb9f0802c3000    8192 bpf_prog_alloc_no_stats+0x2e/0x120 pages=1 vmalloc N0=1
0xffffb9f0802c4000-0xffffb9f0802c9000   20480 dup_task_struct+0x44/0x2e0 pages=4 vmalloc N0=4
0xffffb9f0802c9000-0xffffb9f0802cb000    8192 bpf_prog_alloc_no_stats+0x2e/0x120 pages=1 vmalloc N0=1
0xffffb9f0802cc000-0xffffb9f0802d1000   20480 dup_task_struct+0x44/0x2e0 pages=4 vmalloc N0=4
0xffffb9f0802d1000-0xffffb9f0802d3000    8192 bpf_prog_alloc_no_stats+0x2e/0x120 pages=1 vmalloc N0=1
0xffffb9f0802d3000-0xffffb9f0802d5000    8192 bpf_prog_alloc_no_stats+0x2e/0x120 pages=1 vmalloc N0=1
0xffffb9f0802d5000-0xffffb9f0802d7000    8192 bpf_prog_alloc_no_stats+0x2e/0x120 pages=1 vmalloc N0=1
0xffffb9f0802d7000-0xffffb9f0802d9000    8192 bpf_prog_alloc_no_stats+0x2e/0x120 pages=1 vmalloc N0=1
0xffffb9f0802d9000-0xffffb9f0802db000    8192 bpf_prog_alloc_no_stats+0x2e/0x120 pages=1 vmalloc N0=1
0xffffb9f0802dc000-0xffffb9f0802e1000   20480 dup_task_struct+0x44/0x2e0 pages=4 vmalloc N0=4
0xffffb9f0802e1000-0xffffb9f0802e3000    8192 bpf_prog_alloc_no_stats+0x2e/0x120 pages=1 vmalloc N0=1
0xffffb9f0802e3000-0xffffb9f0802e5000    8192 bpf_prog_alloc_no_stats+0x2e/0x120 pages=1 vmalloc N0=1
0xffffb9f0802e5000-0xffffb9f0802e7000    8192 bpf_prog_alloc_no_stats+0x2e/0x120 pages=1 vmalloc N0=1
0xffffb9f0802e7000-0xffffb9f0802e9000    8192 bpf_prog_alloc_no_stats+0x2e/0x120 pages=1 vmalloc N0=1
0xffffb9f0802e9000-0xffffb9f0802eb000    8192 msix_capability_init+0xc4/0x140 phys=0x00000000c2009000 ioremap
0xffffb9f0802ec000-0xffffb9f0802f1000   20480 dup_task_struct+0x44/0x2e0 pages=4 vmalloc N0=4
0xffffb9f0802f1000-0xffffb9f0802f4000   12288 bpf_prog_alloc_no_stats+0x2e/0x120 pages=2 vmalloc N0=2
0xffffb9f0802f4000-0xffffb9f0802f9000   20480 dup_task_struct+0x44/0x2e0 pages=4 vmalloc N0=4
0xffffb9f0802f9000-0xffffb9f0802fc000   12288 bpf_prog_alloc_no_stats+0x2e/0x120 pages=2 vmalloc N0=2
0xffffb9f0802fc000-0xffffb9f080301000   20480 dup_task_struct+0x44/0x2e0 pages=4 vmalloc N0=4
0xffffb9f080301000-0xffffb9f080304000   12288 bpf_prog_alloc_no_stats+0x2e/0x120 pages=2 vmalloc N0=2
0xffffb9f080304000-0xffffb9f080309000   20480 dup_task_struct+0x44/0x2e0 pages=4 vmalloc N0=4
0xffffb9f080309000-0xffffb9f08030b000    8192 bpf_prog_alloc_no_stats+0x2e/0x120 pages=1 vmalloc N0=1
0xffffb9f08030c000-0xffffb9f080311000   20480 dup_task_struct+0x44/0x2e0 pages=4 vmalloc N0=4
0xffffb9f080311000-0xffffb9f080314000   12288 bpf_prog_alloc_no_stats+0x2e/0x120 pages=2 vmalloc N0=2
0xffffb9f080314000-0xffffb9f080319000   20480 dup_task_struct+0x44/0x2e0 pages=4 vmalloc N0=4
0xffffb9f080319000-0xffffb9f08031b000    8192 bpf_prog_alloc_no_stats+0x2e/0x120 pages=1 vmalloc N0=1
0xffffb9f08031c000-0xffffb9f080321000   20480 dup_task_struct+0x44/0x2e0 pages=4 vmalloc N0=4
0xffffb9f080321000-0xffffb9f080324000   12288 bpf_prog_alloc_no_stats+0x2e/0x120 pages=2 vmalloc N0=2
0xffffb9f080324000-0xffffb9f080329000   20480 dup_task_struct+0x44/0x2e0 pages=4 vmalloc N0=4
0xffffb9f080329000-0xffffb9f08032b000    8192 bpf_prog_alloc_no_stats+0x2e/0x120 pages=1 vmalloc N0=1
0xffffb9f08032b000-0xffffb9f08032d000    8192 bpf_prog_alloc_no_stats+0x2e/0x120 pages=1 vmalloc N0=1
0xffffb9f08032d000-0xffffb9f08032f000    8192 bpf_prog_alloc_no_stats+0x2e/0x120 pages=1 vmalloc N0=1
0xffffb9f080330000-0xffffb9f08033a000   40960 memremap+0x7e/0x110 phys=0x00000000be6ed000 ioremap
0xffffb9f08033a000-0xffffb9f08036b000  200704 raw_init+0x2a/0x160 pages=48 vmalloc N0=48
0xffffb9f08036c000-0xffffb9f080371000   20480 dup_task_struct+0x44/0x2e0 pages=4 vmalloc N0=4
0xffffb9f080371000-0xffffb9f080373000    8192 bpf_prog_alloc_no_stats+0x2e/0x120 pages=1 vmalloc N0=1
0xffffb9f080374000-0xffffb9f080379000   20480 dup_task_struct+0x44/0x2e0 pages=4 vmalloc N0=4
0xffffb9f080379000-0xffffb9f08037b000    8192 bpf_prog_alloc_no_stats+0x2e/0x120 pages=1 vmalloc N0=1
0xffffb9f08037c000-0xffffb9f080381000   20480 dup_task_struct+0x44/0x2e0 pages=4 vmalloc N0=4
0xffffb9f080381000-0xffffb9f080383000    8192 bpf_prog_alloc_no_stats+0x2e/0x120 pages=1 vmalloc N0=1
0xffffb9f080384000-0xffffb9f080389000   20480 dup_task_struct+0x44/0x2e0 pages=4 vmalloc N0=4
0xffffb9f080389000-0xffffb9f08038b000    8192 bpf_prog_alloc_no_stats+0x2e/0x120 pages=1 vmalloc N0=1
0xffffb9f08038c000-0xffffb9f080391000   20480 dup_task_struct+0x44/0x2e0 pages=4 vmalloc N0=4
0xffffb9f080391000-0xffffb9f080393000    8192 bpf_prog_alloc_no_stats+0x2e/0x120 pages=1 vmalloc N0=1
0xffffb9f080394000-0xffffb9f080399000   20480 dup_task_struct+0x44/0x2e0 pages=4 vmalloc N0=4
0xffffb9f080399000-0xffffb9f08039b000    8192 bpf_prog_alloc_no_stats+0x2e/0x120 pages=1 vmalloc N0=1
0xffffb9f08039c000-0xffffb9f0803a1000   20480 dup_task_struct+0x44/0x2e0 pages=4 vmalloc N0=4
0xffffb9f0803a1000-0xffffb9f0803a3000    8192 bpf_prog_alloc_no_stats+0x2e/0x120 pages=1 vmalloc N0=1
0xffffb9f0803a4000-0xffffb9f0803a9000   20480 dup_task_struct+0x44/0x2e0 pages=4 vmalloc N0=4
0xffffb9f0803a9000-0xffffb9f0803ab000    8192 bpf_prog_alloc_no_stats+0x2e/0x120 pages=1 vmalloc N0=1
0xffffb9f0803b1000-0xffffb9f0803b3000    8192 bpf_prog_alloc_no_stats+0x2e/0x120 pages=1 vmalloc N0=1
0xffffb9f0803b4000-0xffffb9f0803b9000   20480 dup_task_struct+0x44/0x2e0 pages=4 vmalloc N0=4
0xffffb9f0803b9000-0xffffb9f0803bb000    8192 virtio_pci_legacy_probe+0x85/0x160 phys=0x00000000c200a000 ioremap
0xffffb9f0803bc000-0xffffb9f0803c1000   20480 dup_task_struct+0x44/0x2e0 pages=4 vmalloc N0=4
0xffffb9f0803c1000-0xffffb9f0803c3000    8192 bpf_prog_alloc_no_stats+0x2e/0x120 pages=1 vmalloc N0=1
0xffffb9f0803c4000-0xffffb9f0803c9000   20480 dup_task_struct+0x44/0x2e0 pages=4 vmalloc N0=4
0xffffb9f0803c9000-0xffffb9f0803cb000    8192 msix_capability_init+0xc4/0x140 phys=0x00000000c200b000 ioremap
0xffffb9f0803cc000-0xffffb9f0803d1000   20480 dup_task_struct+0x44/0x2e0 pages=4 vmalloc N0=4
0xffffb9f0803d1000-0xffffb9f0803d3000    8192 bpf_prog_alloc_no_stats+0x2e/0x120 pages=1 vmalloc N0=1
0xffffb9f0803d3000-0xffffb9f0803d5000    8192 bpf_prog_alloc_no_stats+0x2e/0x120 pages=1 vmalloc N0=1
0xffffb9f0803d5000-0xffffb9f0803d7000    8192 bpf_prog_alloc_no_stats+0x2e/0x120 pages=1 vmalloc N0=1
0xffffb9f0803d7000-0xffffb9f0803d9000    8192 bpf_prog_alloc_no_stats+0x2e/0x120 pages=1 vmalloc N0=1
0xffffb9f0803d9000-0xffffb9f0803db000    8192 bpf_prog_alloc_no_stats+0x2e/0x120 pages=1 vmalloc N0=1
0xffffb9f0803dc000-0xffffb9f0803e1000   20480 dup_task_struct+0x44/0x2e0 pages=4 vmalloc N0=4
0xffffb9f0803e1000-0xffffb9f0803e4000   12288 bpf_prog_alloc_no_stats+0x2e/0x120 pages=2 vmalloc N0=2
0xffffb9f0803e4000-0xffffb9f0803e9000   20480 dup_task_struct+0x44/0x2e0 pages=4 vmalloc N0=4
0xffffb9f0803e9000-0xffffb9f0803ec000   12288 bpf_prog_alloc_no_stats+0x2e/0x120 pages=2 vmalloc N0=2
0xffffb9f0803ec000-0xffffb9f0803f1000   20480 dup_task_struct+0x44/0x2e0 pages=4 vmalloc N0=4
0xffffb9f0803f1000-0xffffb9f0803f3000    8192 bpf_prog_alloc_no_stats+0x2e/0x120 pages=1 vmalloc N0=1
0xffffb9f0803f4000-0xffffb9f0803f9000   20480 dup_task_struct+0x44/0x2e0 pages=4 vmalloc N0=4
0xffffb9f0803f9000-0xffffb9f08057a000 1576960 drm_fb_helper_generic_probe+0xd0/0x150 [drm_kms_helper] pages=384 vmalloc N0=384
0xffffb9f08057a000-0xffffb9f08057c000    8192 kimage_crash_copy_vmcoreinfo+0x8b/0xe0 vmap
0xffffb9f08057c000-0xffffb9f08057f000   12288 bpf_prog_alloc_no_stats+0x2e/0x120 pages=2 vmalloc N0=2
0xffffb9f080581000-0xffffb9f080583000    8192 bpf_prog_alloc_no_stats+0x2e/0x120 pages=1 vmalloc N0=1
0xffffb9f080584000-0xffffb9f080589000   20480 dup_task_struct+0x44/0x2e0 pages=4 vmalloc N0=4
0xffffb9f08058c000-0xffffb9f08058e000    8192 bpf_prog_alloc_no_stats+0x2e/0x120 pages=1 vmalloc N0=1
0xffffb9f08058e000-0xffffb9f080590000    8192 bpf_prog_alloc_no_stats+0x2e/0x120 pages=1 vmalloc N0=1
0xffffb9f080591000-0xffffb9f080593000    8192 bpf_prog_alloc_no_stats+0x2e/0x120 pages=1 vmalloc N0=1
0xffffb9f080593000-0xffffb9f080595000    8192 bpf_prog_alloc_no_stats+0x2e/0x120 pages=1 vmalloc N0=1
0xffffb9f080595000-0xffffb9f080597000    8192 bpf_prog_alloc_no_stats+0x2e/0x120 pages=1 vmalloc N0=1
0xffffb9f080597000-0xffffb9f080599000    8192 bpf_prog_alloc_no_stats+0x2e/0x120 pages=1 vmalloc N0=1
0xffffb9f080599000-0xffffb9f08059c000   12288 bpf_prog_alloc_no_stats+0x2e/0x120 pages=2 vmalloc N0=2
0xffffb9f08059c000-0xffffb9f08059f000   12288 bpf_prog_alloc_no_stats+0x2e/0x120 pages=2 vmalloc N0=2
0xffffb9f08059f000-0xffffb9f0805a1000    8192 bpf_prog_alloc_no_stats+0x2e/0x120 pages=1 vmalloc N0=1
0xffffb9f0805a1000-0xffffb9f0805a3000    8192 bpf_prog_alloc_no_stats+0x2e/0x120 pages=1 vmalloc N0=1
0xffffb9f0805a4000-0xffffb9f0805a9000   20480 dup_task_struct+0x44/0x2e0 pages=4 vmalloc N0=4
0xffffb9f0805a9000-0xffffb9f0805ab000    8192 bpf_prog_alloc_no_stats+0x2e/0x120 pages=1 vmalloc N0=1
0xffffb9f0805ac000-0xffffb9f0805b1000   20480 dup_task_struct+0x44/0x2e0 pages=4 vmalloc N0=4
0xffffb9f0805b1000-0xffffb9f0805b4000   12288 bpf_prog_alloc_no_stats+0x2e/0x120 pages=2 vmalloc N0=2
0xffffb9f0805b4000-0xffffb9f0805b9000   20480 dup_task_struct+0x44/0x2e0 pages=4 vmalloc N0=4
0xffffb9f0805b9000-0xffffb9f0805bb000    8192 bpf_prog_alloc_no_stats+0x2e/0x120 pages=1 vmalloc N0=1
0xffffb9f0805bc000-0xffffb9f0805c1000   20480 dup_task_struct+0x44/0x2e0 pages=4 vmalloc N0=4
0xffffb9f0805c1000-0xffffb9f0805c3000    8192 bpf_prog_alloc_no_stats+0x2e/0x120 pages=1 vmalloc N0=1
0xffffb9f0805c4000-0xffffb9f0805c9000   20480 dup_task_struct+0x44/0x2e0 pages=4 vmalloc N0=4
0xffffb9f0805c9000-0xffffb9f0805ce000   20480 pcpu_alloc_chunk+0x50/0x120 pages=4 vmalloc N0=4
0xffffb9f0805ce000-0xffffb9f0805d0000    8192 bpf_prog_alloc_no_stats+0x2e/0x120 pages=1 vmalloc N0=1
0xffffb9f0805d1000-0xffffb9f0805d5000   16384 n_tty_open+0x14/0xa0 pages=3 vmalloc N0=3
0xffffb9f0805d6000-0xffffb9f0805df000   36864 drm_ht_create+0x49/0x70 [drm] pages=8 vmalloc N0=8
0xffffb9f0805df000-0xffffb9f0805e1000    8192 bpf_prog_alloc_no_stats+0x2e/0x120 pages=1 vmalloc N0=1
0xffffb9f0805e1000-0xffffb9f0805e3000    8192 bpf_prog_alloc_no_stats+0x2e/0x120 pages=1 vmalloc N0=1
0xffffb9f0805e3000-0xffffb9f0805e5000    8192 bpf_prog_alloc_no_stats+0x2e/0x120 pages=1 vmalloc N0=1
0xffffb9f0805e5000-0xffffb9f0805e8000   12288 bpf_prog_alloc_no_stats+0x2e/0x120 pages=2 vmalloc N0=2
0xffffb9f0805e8000-0xffffb9f0805ed000   20480 dup_task_struct+0x44/0x2e0 pages=4 vmalloc N0=4
0xffffb9f0805ed000-0xffffb9f0805ef000    8192 bpf_prog_alloc_no_stats+0x2e/0x120 pages=1 vmalloc N0=1
0xffffb9f0805ef000-0xffffb9f0805f1000    8192 bpf_prog_alloc_no_stats+0x2e/0x120 pages=1 vmalloc N0=1
0xffffb9f0805f1000-0xffffb9f0805f3000    8192 bpf_prog_alloc_no_stats+0x2e/0x120 pages=1 vmalloc N0=1
0xffffb9f0805f3000-0xffffb9f0805f5000    8192 bpf_prog_alloc_no_stats+0x2e/0x120 pages=1 vmalloc N0=1
0xffffb9f0805f5000-0xffffb9f0805f7000    8192 bpf_prog_alloc_no_stats+0x2e/0x120 pages=1 vmalloc N0=1
0xffffb9f0805f8000-0xffffb9f0805fd000   20480 dup_task_struct+0x44/0x2e0 pages=4 vmalloc N0=4
0xffffb9f0805fd000-0xffffb9f0805ff000    8192 bpf_prog_alloc_no_stats+0x2e/0x120 pages=1 vmalloc N0=1
0xffffb9f080600000-0xffffb9f080605000   20480 dup_task_struct+0x44/0x2e0 pages=4 vmalloc N0=4
0xffffb9f080605000-0xffffb9f080608000   12288 bpf_prog_alloc_no_stats+0x2e/0x120 pages=2 vmalloc N0=2
0xffffb9f080608000-0xffffb9f08060d000   20480 dup_task_struct+0x44/0x2e0 pages=4 vmalloc N0=4
0xffffb9f080610000-0xffffb9f080615000   20480 dup_task_struct+0x44/0x2e0 pages=4 vmalloc N0=4
0xffffb9f080615000-0xffffb9f080617000    8192 bpf_prog_alloc_no_stats+0x2e/0x120 pages=1 vmalloc N0=1
0xffffb9f080618000-0xffffb9f08061d000   20480 dup_task_struct+0x44/0x2e0 pages=4 vmalloc N0=4
0xffffb9f08061d000-0xffffb9f08061f000    8192 bpf_prog_alloc_no_stats+0x2e/0x120 pages=1 vmalloc N0=1
0xffffb9f080620000-0xffffb9f080625000   20480 dup_task_struct+0x44/0x2e0 pages=4 vmalloc N0=4
0xffffb9f080625000-0xffffb9f080627000    8192 bpf_prog_alloc_no_stats+0x2e/0x120 pages=1 vmalloc N0=1
0xffffb9f08062d000-0xffffb9f08062f000    8192 bpf_prog_alloc_no_stats+0x2e/0x120 pages=1 vmalloc N0=1
0xffffb9f080630000-0xffffb9f080635000   20480 dup_task_struct+0x44/0x2e0 pages=4 vmalloc N0=4
0xffffb9f080635000-0xffffb9f080637000    8192 bpf_prog_alloc_no_stats+0x2e/0x120 pages=1 vmalloc N0=1
0xffffb9f080638000-0xffffb9f08063d000   20480 dup_task_struct+0x44/0x2e0 pages=4 vmalloc N0=4
0xffffb9f080640000-0xffffb9f080645000   20480 dup_task_struct+0x44/0x2e0 pages=4 vmalloc N0=4
0xffffb9f080645000-0xffffb9f080647000    8192 bpf_prog_alloc_no_stats+0x2e/0x120 pages=1 vmalloc N0=1
0xffffb9f080648000-0xffffb9f08064d000   20480 dup_task_struct+0x44/0x2e0 pages=4 vmalloc N0=4
0xffffb9f08064d000-0xffffb9f08064f000    8192 bpf_prog_alloc_no_stats+0x2e/0x120 pages=1 vmalloc N0=1
0xffffb9f080650000-0xffffb9f080655000   20480 dup_task_struct+0x44/0x2e0 pages=4 vmalloc N0=4
0xffffb9f08065d000-0xffffb9f08065f000    8192 bpf_prog_alloc_no_stats+0x2e/0x120 pages=1 vmalloc N0=1
0xffffb9f080660000-0xffffb9f080665000   20480 dup_task_struct+0x44/0x2e0 pages=4 vmalloc N0=4
0xffffb9f080668000-0xffffb9f08066d000   20480 dup_task_struct+0x44/0x2e0 pages=4 vmalloc N0=4
0xffffb9f080670000-0xffffb9f080675000   20480 dup_task_struct+0x44/0x2e0 pages=4 vmalloc N0=4
0xffffb9f080678000-0xffffb9f08067d000   20480 dup_task_struct+0x44/0x2e0 pages=4 vmalloc N0=4
0xffffb9f080680000-0xffffb9f080685000   20480 dup_task_struct+0x44/0x2e0 pages=4 vmalloc N0=4
0xffffb9f080688000-0xffffb9f08068d000   20480 dup_task_struct+0x44/0x2e0 pages=4 vmalloc N0=4
0xffffb9f08068d000-0xffffb9f080690000   12288 bpf_prog_alloc_no_stats+0x2e/0x120 pages=2 vmalloc N0=2
0xffffb9f080690000-0xffffb9f080695000   20480 dup_task_struct+0x44/0x2e0 pages=4 vmalloc N0=4
0xffffb9f080698000-0xffffb9f08069d000   20480 dup_task_struct+0x44/0x2e0 pages=4 vmalloc N0=4
0xffffb9f0806a0000-0xffffb9f0806a5000   20480 dup_task_struct+0x44/0x2e0 pages=4 vmalloc N0=4
0xffffb9f0806a8000-0xffffb9f0806ad000   20480 dup_task_struct+0x44/0x2e0 pages=4 vmalloc N0=4
0xffffb9f0806b0000-0xffffb9f0806b5000   20480 dup_task_struct+0x44/0x2e0 pages=4 vmalloc N0=4
0xffffb9f0806bd000-0xffffb9f0806c6000   36864 ip_vs_lc_schedule+0x39/0x90 [ip_vs_lc] pages=8 vmalloc N0=8
0xffffb9f0806c8000-0xffffb9f0806cd000   20480 dup_task_struct+0x44/0x2e0 pages=4 vmalloc N0=4
0xffffb9f0806d0000-0xffffb9f0806d5000   20480 dup_task_struct+0x44/0x2e0 pages=4 vmalloc N0=4
0xffffb9f0806d8000-0xffffb9f0806dd000   20480 dup_task_struct+0x44/0x2e0 pages=4 vmalloc N0=4
0xffffb9f0806e0000-0xffffb9f0806e5000   20480 dup_task_struct+0x44/0x2e0 pages=4 vmalloc N0=4
0xffffb9f0806e8000-0xffffb9f0806ed000   20480 dup_task_struct+0x44/0x2e0 pages=4 vmalloc N0=4
0xffffb9f0806f0000-0xffffb9f0806f5000   20480 dup_task_struct+0x44/0x2e0 pages=4 vmalloc N0=4
0xffffb9f0806f8000-0xffffb9f0806fd000   20480 dup_task_struct+0x44/0x2e0 pages=4 vmalloc N0=4
0xffffb9f080700000-0xffffb9f080705000   20480 dup_task_struct+0x44/0x2e0 pages=4 vmalloc N0=4
0xffffb9f080708000-0xffffb9f08070d000   20480 dup_task_struct+0x44/0x2e0 pages=4 vmalloc N0=4
0xffffb9f080710000-0xffffb9f080715000   20480 dup_task_struct+0x44/0x2e0 pages=4 vmalloc N0=4
0xffffb9f080718000-0xffffb9f08071d000   20480 dup_task_struct+0x44/0x2e0 pages=4 vmalloc N0=4
0xffffb9f080720000-0xffffb9f080725000   20480 dup_task_struct+0x44/0x2e0 pages=4 vmalloc N0=4
0xffffb9f080728000-0xffffb9f08072d000   20480 dup_task_struct+0x44/0x2e0 pages=4 vmalloc N0=4
0xffffb9f080730000-0xffffb9f080735000   20480 dup_task_struct+0x44/0x2e0 pages=4 vmalloc N0=4
0xffffb9f080738000-0xffffb9f08073d000   20480 dup_task_struct+0x44/0x2e0 pages=4 vmalloc N0=4
0xffffb9f080740000-0xffffb9f080745000   20480 dup_task_struct+0x44/0x2e0 pages=4 vmalloc N0=4
0xffffb9f080748000-0xffffb9f08074d000   20480 dup_task_struct+0x44/0x2e0 pages=4 vmalloc N0=4
0xffffb9f080750000-0xffffb9f080755000   20480 dup_task_struct+0x44/0x2e0 pages=4 vmalloc N0=4
0xffffb9f080758000-0xffffb9f08075d000   20480 dup_task_struct+0x44/0x2e0 pages=4 vmalloc N0=4
0xffffb9f080760000-0xffffb9f080765000   20480 dup_task_struct+0x44/0x2e0 pages=4 vmalloc N0=4
0xffffb9f080768000-0xffffb9f08076d000   20480 dup_task_struct+0x44/0x2e0 pages=4 vmalloc N0=4
0xffffb9f080770000-0xffffb9f080775000   20480 dup_task_struct+0x44/0x2e0 pages=4 vmalloc N0=4
0xffffb9f080778000-0xffffb9f08077d000   20480 dup_task_struct+0x44/0x2e0 pages=4 vmalloc N0=4
0xffffb9f080781000-0xffffb9f080785000   16384 n_tty_open+0x14/0xa0 pages=3 vmalloc N0=3
0xffffb9f080789000-0xffffb9f08078d000   16384 n_tty_open+0x14/0xa0 pages=3 vmalloc N0=3
0xffffb9f080790000-0xffffb9f080795000   20480 dup_task_struct+0x44/0x2e0 pages=4 vmalloc N0=4
0xffffb9f080798000-0xffffb9f08079d000   20480 dup_task_struct+0x44/0x2e0 pages=4 vmalloc N0=4
0xffffb9f0807a0000-0xffffb9f0807a5000   20480 dup_task_struct+0x44/0x2e0 pages=4 vmalloc N0=4
0xffffb9f0807a8000-0xffffb9f0807ad000   20480 dup_task_struct+0x44/0x2e0 pages=4 vmalloc N0=4
0xffffb9f0807b0000-0xffffb9f0807b5000   20480 dup_task_struct+0x44/0x2e0 pages=4 vmalloc N0=4
0xffffb9f0807b8000-0xffffb9f0807bd000   20480 dup_task_struct+0x44/0x2e0 pages=4 vmalloc N0=4
0xffffb9f0807c0000-0xffffb9f0807c5000   20480 dup_task_struct+0x44/0x2e0 pages=4 vmalloc N0=4
0xffffb9f0807c8000-0xffffb9f0807cd000   20480 dup_task_struct+0x44/0x2e0 pages=4 vmalloc N0=4
0xffffb9f0807d0000-0xffffb9f0807d5000   20480 dup_task_struct+0x44/0x2e0 pages=4 vmalloc N0=4
0xffffb9f0807d8000-0xffffb9f0807dd000   20480 dup_task_struct+0x44/0x2e0 pages=4 vmalloc N0=4
0xffffb9f0807e0000-0xffffb9f0807e5000   20480 dup_task_struct+0x44/0x2e0 pages=4 vmalloc N0=4
0xffffb9f0807e8000-0xffffb9f0807ed000   20480 dup_task_struct+0x44/0x2e0 pages=4 vmalloc N0=4
0xffffb9f0807f0000-0xffffb9f0807f5000   20480 dup_task_struct+0x44/0x2e0 pages=4 vmalloc N0=4
0xffffb9f0807f8000-0xffffb9f0807fd000   20480 dup_task_struct+0x44/0x2e0 pages=4 vmalloc N0=4
0xffffb9f080800000-0xffffb9f080805000   20480 dup_task_struct+0x44/0x2e0 pages=4 vmalloc N0=4
0xffffb9f080808000-0xffffb9f08080d000   20480 dup_task_struct+0x44/0x2e0 pages=4 vmalloc N0=4
0xffffb9f080810000-0xffffb9f080815000   20480 dup_task_struct+0x44/0x2e0 pages=4 vmalloc N0=4
0xffffb9f080818000-0xffffb9f08081d000   20480 dup_task_struct+0x44/0x2e0 pages=4 vmalloc N0=4
0xffffb9f080820000-0xffffb9f080825000   20480 dup_task_struct+0x44/0x2e0 pages=4 vmalloc N0=4
0xffffb9f080828000-0xffffb9f08082d000   20480 dup_task_struct+0x44/0x2e0 pages=4 vmalloc N0=4
0xffffb9f080830000-0xffffb9f080835000   20480 dup_task_struct+0x44/0x2e0 pages=4 vmalloc N0=4
0xffffb9f08083d000-0xffffb9f080843000   24576 pcpu_alloc_chunk+0x77/0x120 pages=5 vmalloc N0=5
0xffffb9f080844000-0xffffb9f080849000   20480 dup_task_struct+0x44/0x2e0 pages=4 vmalloc N0=4
0xffffb9f08084c000-0xffffb9f080851000   20480 dup_task_struct+0x44/0x2e0 pages=4 vmalloc N0=4
0xffffb9f080854000-0xffffb9f080859000   20480 dup_task_struct+0x44/0x2e0 pages=4 vmalloc N0=4
0xffffb9f08085c000-0xffffb9f080861000   20480 dup_task_struct+0x44/0x2e0 pages=4 vmalloc N0=4
0xffffb9f080864000-0xffffb9f080869000   20480 dup_task_struct+0x44/0x2e0 pages=4 vmalloc N0=4
0xffffb9f08086c000-0xffffb9f080871000   20480 dup_task_struct+0x44/0x2e0 pages=4 vmalloc N0=4
0xffffb9f080880000-0xffffb9f080885000   20480 dup_task_struct+0x44/0x2e0 pages=4 vmalloc N0=4
0xffffb9f080888000-0xffffb9f08088d000   20480 dup_task_struct+0x44/0x2e0 pages=4 vmalloc N0=4
0xffffb9f080890000-0xffffb9f080895000   20480 dup_task_struct+0x44/0x2e0 pages=4 vmalloc N0=4
0xffffb9f080898000-0xffffb9f08089d000   20480 dup_task_struct+0x44/0x2e0 pages=4 vmalloc N0=4
0xffffb9f0808a0000-0xffffb9f0808a5000   20480 dup_task_struct+0x44/0x2e0 pages=4 vmalloc N0=4
0xffffb9f0808a8000-0xffffb9f0808ad000   20480 dup_task_struct+0x44/0x2e0 pages=4 vmalloc N0=4
0xffffb9f0808b0000-0xffffb9f0808b5000   20480 dup_task_struct+0x44/0x2e0 pages=4 vmalloc N0=4
0xffffb9f0808b8000-0xffffb9f0808bd000   20480 dup_task_struct+0x44/0x2e0 pages=4 vmalloc N0=4
0xffffb9f0808c0000-0xffffb9f0808c5000   20480 dup_task_struct+0x44/0x2e0 pages=4 vmalloc N0=4
0xffffb9f0808c8000-0xffffb9f0808cd000   20480 dup_task_struct+0x44/0x2e0 pages=4 vmalloc N0=4
0xffffb9f0808d0000-0xffffb9f0808d5000   20480 dup_task_struct+0x44/0x2e0 pages=4 vmalloc N0=4
0xffffb9f0808d8000-0xffffb9f0808dd000   20480 dup_task_struct+0x44/0x2e0 pages=4 vmalloc N0=4
0xffffb9f0808e0000-0xffffb9f0808e5000   20480 dup_task_struct+0x44/0x2e0 pages=4 vmalloc N0=4
0xffffb9f0808e8000-0xffffb9f0808ed000   20480 dup_task_struct+0x44/0x2e0 pages=4 vmalloc N0=4
0xffffb9f0808f0000-0xffffb9f0808f5000   20480 dup_task_struct+0x44/0x2e0 pages=4 vmalloc N0=4
0xffffb9f0808f8000-0xffffb9f0808fd000   20480 dup_task_struct+0x44/0x2e0 pages=4 vmalloc N0=4
0xffffb9f080900000-0xffffb9f080905000   20480 dup_task_struct+0x44/0x2e0 pages=4 vmalloc N0=4
0xffffb9f080908000-0xffffb9f08090d000   20480 dup_task_struct+0x44/0x2e0 pages=4 vmalloc N0=4
0xffffb9f080910000-0xffffb9f080915000   20480 dup_task_struct+0x44/0x2e0 pages=4 vmalloc N0=4
0xffffb9f080918000-0xffffb9f08091d000   20480 dup_task_struct+0x44/0x2e0 pages=4 vmalloc N0=4
0xffffb9f080920000-0xffffb9f080925000   20480 dup_task_struct+0x44/0x2e0 pages=4 vmalloc N0=4
0xffffb9f080928000-0xffffb9f08092d000   20480 dup_task_struct+0x44/0x2e0 pages=4 vmalloc N0=4
0xffffb9f080930000-0xffffb9f080935000   20480 dup_task_struct+0x44/0x2e0 pages=4 vmalloc N0=4
0xffffb9f080938000-0xffffb9f08093d000   20480 dup_task_struct+0x44/0x2e0 pages=4 vmalloc N0=4
0xffffb9f080940000-0xffffb9f080945000   20480 dup_task_struct+0x44/0x2e0 pages=4 vmalloc N0=4
0xffffb9f080948000-0xffffb9f08094d000   20480 dup_task_struct+0x44/0x2e0 pages=4 vmalloc N0=4
0xffffb9f080950000-0xffffb9f080955000   20480 dup_task_struct+0x44/0x2e0 pages=4 vmalloc N0=4
0xffffb9f080958000-0xffffb9f08095d000   20480 dup_task_struct+0x44/0x2e0 pages=4 vmalloc N0=4
0xffffb9f080960000-0xffffb9f080965000   20480 dup_task_struct+0x44/0x2e0 pages=4 vmalloc N0=4
0xffffb9f080968000-0xffffb9f08096d000   20480 dup_task_struct+0x44/0x2e0 pages=4 vmalloc N0=4
0xffffb9f080970000-0xffffb9f080975000   20480 dup_task_struct+0x44/0x2e0 pages=4 vmalloc N0=4
0xffffb9f080978000-0xffffb9f08097d000   20480 dup_task_struct+0x44/0x2e0 pages=4 vmalloc N0=4
0xffffb9f080980000-0xffffb9f080985000   20480 dup_task_struct+0x44/0x2e0 pages=4 vmalloc N0=4
0xffffb9f080988000-0xffffb9f08098d000   20480 dup_task_struct+0x44/0x2e0 pages=4 vmalloc N0=4
0xffffb9f080990000-0xffffb9f080995000   20480 dup_task_struct+0x44/0x2e0 pages=4 vmalloc N0=4
0xffffb9f080998000-0xffffb9f08099d000   20480 dup_task_struct+0x44/0x2e0 pages=4 vmalloc N0=4
0xffffb9f0809a0000-0xffffb9f0809a5000   20480 dup_task_struct+0x44/0x2e0 pages=4 vmalloc N0=4
0xffffb9f0809a8000-0xffffb9f0809ad000   20480 dup_task_struct+0x44/0x2e0 pages=4 vmalloc N0=4
0xffffb9f0809b0000-0xffffb9f0809b5000   20480 dup_task_struct+0x44/0x2e0 pages=4 vmalloc N0=4
0xffffb9f0809b8000-0xffffb9f0809bd000   20480 dup_task_struct+0x44/0x2e0 pages=4 vmalloc N0=4
0xffffb9f0809c0000-0xffffb9f0809c5000   20480 dup_task_struct+0x44/0x2e0 pages=4 vmalloc N0=4
0xffffb9f0809c8000-0xffffb9f0809cd000   20480 dup_task_struct+0x44/0x2e0 pages=4 vmalloc N0=4
0xffffb9f0809d0000-0xffffb9f0809d5000   20480 dup_task_struct+0x44/0x2e0 pages=4 vmalloc N0=4
0xffffb9f0809d8000-0xffffb9f0809dd000   20480 dup_task_struct+0x44/0x2e0 pages=4 vmalloc N0=4
0xffffb9f0809e0000-0xffffb9f0809e5000   20480 dup_task_struct+0x44/0x2e0 pages=4 vmalloc N0=4
0xffffb9f0809e8000-0xffffb9f0809ed000   20480 dup_task_struct+0x44/0x2e0 pages=4 vmalloc N0=4
0xffffb9f0809f0000-0xffffb9f0809f5000   20480 dup_task_struct+0x44/0x2e0 pages=4 vmalloc N0=4
0xffffb9f0809f8000-0xffffb9f0809fd000   20480 dup_task_struct+0x44/0x2e0 pages=4 vmalloc N0=4
0xffffb9f080a00000-0xffffb9f080a05000   20480 dup_task_struct+0x44/0x2e0 pages=4 vmalloc N0=4
0xffffb9f080a08000-0xffffb9f080a0d000   20480 dup_task_struct+0x44/0x2e0 pages=4 vmalloc N0=4
0xffffb9f080a10000-0xffffb9f080a15000   20480 dup_task_struct+0x44/0x2e0 pages=4 vmalloc N0=4
0xffffb9f080a18000-0xffffb9f080a1d000   20480 dup_task_struct+0x44/0x2e0 pages=4 vmalloc N0=4
0xffffb9f080a20000-0xffffb9f080a25000   20480 dup_task_struct+0x44/0x2e0 pages=4 vmalloc N0=4
0xffffb9f080a28000-0xffffb9f080a2d000   20480 dup_task_struct+0x44/0x2e0 pages=4 vmalloc N0=4
0xffffb9f080a30000-0xffffb9f080a35000   20480 dup_task_struct+0x44/0x2e0 pages=4 vmalloc N0=4
0xffffb9f080a38000-0xffffb9f080a3d000   20480 dup_task_struct+0x44/0x2e0 pages=4 vmalloc N0=4
0xffffb9f080a40000-0xffffb9f080a45000   20480 dup_task_struct+0x44/0x2e0 pages=4 vmalloc N0=4
0xffffb9f080a48000-0xffffb9f080a4d000   20480 dup_task_struct+0x44/0x2e0 pages=4 vmalloc N0=4
0xffffb9f080a50000-0xffffb9f080a55000   20480 dup_task_struct+0x44/0x2e0 pages=4 vmalloc N0=4
0xffffb9f080a58000-0xffffb9f080a5d000   20480 dup_task_struct+0x44/0x2e0 pages=4 vmalloc N0=4
0xffffb9f080a60000-0xffffb9f080a65000   20480 dup_task_struct+0x44/0x2e0 pages=4 vmalloc N0=4
0xffffb9f080a68000-0xffffb9f080a6d000   20480 dup_task_struct+0x44/0x2e0 pages=4 vmalloc N0=4
0xffffb9f080a70000-0xffffb9f080a75000   20480 dup_task_struct+0x44/0x2e0 pages=4 vmalloc N0=4
0xffffb9f080a78000-0xffffb9f080a7d000   20480 dup_task_struct+0x44/0x2e0 pages=4 vmalloc N0=4
0xffffb9f080a80000-0xffffb9f080a85000   20480 dup_task_struct+0x44/0x2e0 pages=4 vmalloc N0=4
0xffffb9f080a88000-0xffffb9f080a8d000   20480 dup_task_struct+0x44/0x2e0 pages=4 vmalloc N0=4
0xffffb9f080a90000-0xffffb9f080a95000   20480 dup_task_struct+0x44/0x2e0 pages=4 vmalloc N0=4
0xffffb9f080a98000-0xffffb9f080a9d000   20480 dup_task_struct+0x44/0x2e0 pages=4 vmalloc N0=4
0xffffb9f080aa0000-0xffffb9f080aa5000   20480 dup_task_struct+0x44/0x2e0 pages=4 vmalloc N0=4
0xffffb9f080aa8000-0xffffb9f080aad000   20480 dup_task_struct+0x44/0x2e0 pages=4 vmalloc N0=4
0xffffb9f080ab0000-0xffffb9f080ab5000   20480 dup_task_struct+0x44/0x2e0 pages=4 vmalloc N0=4
0xffffb9f080ab8000-0xffffb9f080abd000   20480 dup_task_struct+0x44/0x2e0 pages=4 vmalloc N0=4
0xffffb9f080ac0000-0xffffb9f080ac5000   20480 dup_task_struct+0x44/0x2e0 pages=4 vmalloc N0=4
0xffffb9f080ac8000-0xffffb9f080acd000   20480 dup_task_struct+0x44/0x2e0 pages=4 vmalloc N0=4
0xffffb9f080ad0000-0xffffb9f080ad5000   20480 dup_task_struct+0x44/0x2e0 pages=4 vmalloc N0=4
0xffffb9f080ad8000-0xffffb9f080add000   20480 dup_task_struct+0x44/0x2e0 pages=4 vmalloc N0=4
0xffffb9f080ae0000-0xffffb9f080ae5000   20480 dup_task_struct+0x44/0x2e0 pages=4 vmalloc N0=4
0xffffb9f080ae8000-0xffffb9f080aed000   20480 dup_task_struct+0x44/0x2e0 pages=4 vmalloc N0=4
0xffffb9f080af0000-0xffffb9f080af5000   20480 dup_task_struct+0x44/0x2e0 pages=4 vmalloc N0=4
0xffffb9f080af8000-0xffffb9f080afd000   20480 dup_task_struct+0x44/0x2e0 pages=4 vmalloc N0=4
0xffffb9f080b00000-0xffffb9f080b05000   20480 dup_task_struct+0x44/0x2e0 pages=4 vmalloc N0=4
0xffffb9f080b08000-0xffffb9f080b0d000   20480 dup_task_struct+0x44/0x2e0 pages=4 vmalloc N0=4
0xffffb9f080b10000-0xffffb9f080b15000   20480 dup_task_struct+0x44/0x2e0 pages=4 vmalloc N0=4
0xffffb9f080b18000-0xffffb9f080b1d000   20480 dup_task_struct+0x44/0x2e0 pages=4 vmalloc N0=4
0xffffb9f080b20000-0xffffb9f080b25000   20480 dup_task_struct+0x44/0x2e0 pages=4 vmalloc N0=4
0xffffb9f080b28000-0xffffb9f080b2d000   20480 dup_task_struct+0x44/0x2e0 pages=4 vmalloc N0=4
0xffffb9f080b30000-0xffffb9f080b35000   20480 dup_task_struct+0x44/0x2e0 pages=4 vmalloc N0=4
0xffffb9f080b38000-0xffffb9f080b3d000   20480 dup_task_struct+0x44/0x2e0 pages=4 vmalloc N0=4
0xffffb9f080b40000-0xffffb9f080b45000   20480 dup_task_struct+0x44/0x2e0 pages=4 vmalloc N0=4
0xffffb9f080b48000-0xffffb9f080b4d000   20480 dup_task_struct+0x44/0x2e0 pages=4 vmalloc N0=4
0xffffb9f080b50000-0xffffb9f080b55000   20480 dup_task_struct+0x44/0x2e0 pages=4 vmalloc N0=4
0xffffb9f080b58000-0xffffb9f080b5d000   20480 dup_task_struct+0x44/0x2e0 pages=4 vmalloc N0=4
0xffffb9f080b60000-0xffffb9f080b65000   20480 dup_task_struct+0x44/0x2e0 pages=4 vmalloc N0=4
0xffffb9f080b68000-0xffffb9f080b6d000   20480 dup_task_struct+0x44/0x2e0 pages=4 vmalloc N0=4
0xffffb9f080b70000-0xffffb9f080b75000   20480 dup_task_struct+0x44/0x2e0 pages=4 vmalloc N0=4
0xffffb9f080b78000-0xffffb9f080b7d000   20480 dup_task_struct+0x44/0x2e0 pages=4 vmalloc N0=4
0xffffb9f080b80000-0xffffb9f080b85000   20480 dup_task_struct+0x44/0x2e0 pages=4 vmalloc N0=4
0xffffb9f080b88000-0xffffb9f080b8d000   20480 dup_task_struct+0x44/0x2e0 pages=4 vmalloc N0=4
0xffffb9f080b90000-0xffffb9f080b95000   20480 dup_task_struct+0x44/0x2e0 pages=4 vmalloc N0=4
0xffffb9f080b98000-0xffffb9f080b9d000   20480 dup_task_struct+0x44/0x2e0 pages=4 vmalloc N0=4
0xffffb9f080ba0000-0xffffb9f080ba5000   20480 dup_task_struct+0x44/0x2e0 pages=4 vmalloc N0=4
0xffffb9f080ba8000-0xffffb9f080bad000   20480 dup_task_struct+0x44/0x2e0 pages=4 vmalloc N0=4
0xffffb9f080bb0000-0xffffb9f080bb5000   20480 dup_task_struct+0x44/0x2e0 pages=4 vmalloc N0=4
0xffffb9f080bb8000-0xffffb9f080bbd000   20480 dup_task_struct+0x44/0x2e0 pages=4 vmalloc N0=4
0xffffb9f080bc0000-0xffffb9f080bc5000   20480 dup_task_struct+0x44/0x2e0 pages=4 vmalloc N0=4
0xffffb9f080bc8000-0xffffb9f080bcd000   20480 dup_task_struct+0x44/0x2e0 pages=4 vmalloc N0=4
0xffffb9f080bd8000-0xffffb9f080bdd000   20480 dup_task_struct+0x44/0x2e0 pages=4 vmalloc N0=4
0xffffb9f080be0000-0xffffb9f080be5000   20480 dup_task_struct+0x44/0x2e0 pages=4 vmalloc N0=4
0xffffb9f080be8000-0xffffb9f080bed000   20480 dup_task_struct+0x44/0x2e0 pages=4 vmalloc N0=4
0xffffb9f080bf0000-0xffffb9f080bf5000   20480 dup_task_struct+0x44/0x2e0 pages=4 vmalloc N0=4
0xffffb9f080bf8000-0xffffb9f080bfd000   20480 dup_task_struct+0x44/0x2e0 pages=4 vmalloc N0=4
0xffffb9f080c00000-0xffffb9f080c05000   20480 dup_task_struct+0x44/0x2e0 pages=4 vmalloc N0=4
0xffffb9f080c08000-0xffffb9f080c0d000   20480 dup_task_struct+0x44/0x2e0 pages=4 vmalloc N0=4
0xffffb9f080c10000-0xffffb9f080c15000   20480 dup_task_struct+0x44/0x2e0 pages=4 vmalloc N0=4
0xffffb9f080c18000-0xffffb9f080c1d000   20480 dup_task_struct+0x44/0x2e0 pages=4 vmalloc N0=4
0xffffb9f080c20000-0xffffb9f080c25000   20480 dup_task_struct+0x44/0x2e0 pages=4 vmalloc N0=4
0xffffb9f080c28000-0xffffb9f080c2d000   20480 dup_task_struct+0x44/0x2e0 pages=4 vmalloc N0=4
0xffffb9f080c30000-0xffffb9f080c35000   20480 dup_task_struct+0x44/0x2e0 pages=4 vmalloc N0=4
0xffffb9f080c38000-0xffffb9f080c3d000   20480 dup_task_struct+0x44/0x2e0 pages=4 vmalloc N0=4
0xffffb9f080c40000-0xffffb9f080c45000   20480 dup_task_struct+0x44/0x2e0 pages=4 vmalloc N0=4
0xffffb9f080c48000-0xffffb9f080c4d000   20480 dup_task_struct+0x44/0x2e0 pages=4 vmalloc N0=4
0xffffb9f080c50000-0xffffb9f080c55000   20480 dup_task_struct+0x44/0x2e0 pages=4 vmalloc N0=4
0xffffb9f080c58000-0xffffb9f080c5d000   20480 dup_task_struct+0x44/0x2e0 pages=4 vmalloc N0=4
0xffffb9f080c60000-0xffffb9f080c65000   20480 dup_task_struct+0x44/0x2e0 pages=4 vmalloc N0=4
0xffffb9f080c68000-0xffffb9f080c6d000   20480 dup_task_struct+0x44/0x2e0 pages=4 vmalloc N0=4
0xffffb9f080c70000-0xffffb9f080c75000   20480 dup_task_struct+0x44/0x2e0 pages=4 vmalloc N0=4
0xffffb9f080c78000-0xffffb9f080c7d000   20480 dup_task_struct+0x44/0x2e0 pages=4 vmalloc N0=4
0xffffb9f080c80000-0xffffb9f080c85000   20480 dup_task_struct+0x44/0x2e0 pages=4 vmalloc N0=4
0xffffb9f080c88000-0xffffb9f080c8d000   20480 dup_task_struct+0x44/0x2e0 pages=4 vmalloc N0=4
0xffffb9f080c98000-0xffffb9f080c9d000   20480 dup_task_struct+0x44/0x2e0 pages=4 vmalloc N0=4
0xffffb9f080ca0000-0xffffb9f080ca5000   20480 dup_task_struct+0x44/0x2e0 pages=4 vmalloc N0=4
0xffffb9f080ca8000-0xffffb9f080cad000   20480 dup_task_struct+0x44/0x2e0 pages=4 vmalloc N0=4
0xffffb9f080cb0000-0xffffb9f080cb5000   20480 dup_task_struct+0x44/0x2e0 pages=4 vmalloc N0=4
0xffffb9f080cb8000-0xffffb9f080cbd000   20480 dup_task_struct+0x44/0x2e0 pages=4 vmalloc N0=4
0xffffb9f080cc0000-0xffffb9f080cc5000   20480 dup_task_struct+0x44/0x2e0 pages=4 vmalloc N0=4
0xffffb9f080cc8000-0xffffb9f080ccd000   20480 dup_task_struct+0x44/0x2e0 pages=4 vmalloc N0=4
0xffffb9f080cd0000-0xffffb9f080cd5000   20480 dup_task_struct+0x44/0x2e0 pages=4 vmalloc N0=4
0xffffb9f080cd8000-0xffffb9f080cdd000   20480 dup_task_struct+0x44/0x2e0 pages=4 vmalloc N0=4
0xffffb9f080ce0000-0xffffb9f080ce5000   20480 dup_task_struct+0x44/0x2e0 pages=4 vmalloc N0=4
0xffffb9f080ce8000-0xffffb9f080ced000   20480 dup_task_struct+0x44/0x2e0 pages=4 vmalloc N0=4
0xffffb9f080cf0000-0xffffb9f080cf5000   20480 dup_task_struct+0x44/0x2e0 pages=4 vmalloc N0=4
0xffffb9f080cf8000-0xffffb9f080cfd000   20480 dup_task_struct+0x44/0x2e0 pages=4 vmalloc N0=4
0xffffb9f080d08000-0xffffb9f080d0d000   20480 dup_task_struct+0x44/0x2e0 pages=4 vmalloc N0=4
0xffffb9f080d10000-0xffffb9f080d15000   20480 dup_task_struct+0x44/0x2e0 pages=4 vmalloc N0=4
0xffffb9f080d18000-0xffffb9f080d1d000   20480 dup_task_struct+0x44/0x2e0 pages=4 vmalloc N0=4
0xffffb9f080d20000-0xffffb9f080d25000   20480 dup_task_struct+0x44/0x2e0 pages=4 vmalloc N0=4
0xffffb9f080d28000-0xffffb9f080d2d000   20480 dup_task_struct+0x44/0x2e0 pages=4 vmalloc N0=4
0xffffb9f080d30000-0xffffb9f080d35000   20480 dup_task_struct+0x44/0x2e0 pages=4 vmalloc N0=4
0xffffb9f080d38000-0xffffb9f080d3d000   20480 dup_task_struct+0x44/0x2e0 pages=4 vmalloc N0=4
0xffffb9f080d40000-0xffffb9f080d45000   20480 dup_task_struct+0x44/0x2e0 pages=4 vmalloc N0=4
0xffffb9f080d48000-0xffffb9f080d4d000   20480 dup_task_struct+0x44/0x2e0 pages=4 vmalloc N0=4
0xffffb9f080d50000-0xffffb9f080d55000   20480 dup_task_struct+0x44/0x2e0 pages=4 vmalloc N0=4
0xffffb9f080d58000-0xffffb9f080d5d000   20480 dup_task_struct+0x44/0x2e0 pages=4 vmalloc N0=4
0xffffb9f080d60000-0xffffb9f080d65000   20480 dup_task_struct+0x44/0x2e0 pages=4 vmalloc N0=4
0xffffb9f080d68000-0xffffb9f080d6d000   20480 dup_task_struct+0x44/0x2e0 pages=4 vmalloc N0=4
0xffffb9f080d70000-0xffffb9f080d75000   20480 dup_task_struct+0x44/0x2e0 pages=4 vmalloc N0=4
0xffffb9f080d78000-0xffffb9f080d7d000   20480 dup_task_struct+0x44/0x2e0 pages=4 vmalloc N0=4
0xffffb9f080d80000-0xffffb9f080d85000   20480 dup_task_struct+0x44/0x2e0 pages=4 vmalloc N0=4
0xffffb9f080d88000-0xffffb9f080d8d000   20480 dup_task_struct+0x44/0x2e0 pages=4 vmalloc N0=4
0xffffb9f080d90000-0xffffb9f080d95000   20480 dup_task_struct+0x44/0x2e0 pages=4 vmalloc N0=4
0xffffb9f080d98000-0xffffb9f080d9d000   20480 dup_task_struct+0x44/0x2e0 pages=4 vmalloc N0=4
0xffffb9f080da0000-0xffffb9f080da5000   20480 dup_task_struct+0x44/0x2e0 pages=4 vmalloc N0=4
0xffffb9f080da8000-0xffffb9f080dad000   20480 dup_task_struct+0x44/0x2e0 pages=4 vmalloc N0=4
0xffffb9f080db0000-0xffffb9f080db5000   20480 dup_task_struct+0x44/0x2e0 pages=4 vmalloc N0=4
0xffffb9f080db8000-0xffffb9f080dbd000   20480 dup_task_struct+0x44/0x2e0 pages=4 vmalloc N0=4
0xffffb9f080dc0000-0xffffb9f080dc5000   20480 dup_task_struct+0x44/0x2e0 pages=4 vmalloc N0=4
0xffffb9f080dd0000-0xffffb9f080dd5000   20480 dup_task_struct+0x44/0x2e0 pages=4 vmalloc N0=4
0xffffb9f080dd8000-0xffffb9f080ddd000   20480 dup_task_struct+0x44/0x2e0 pages=4 vmalloc N0=4
0xffffb9f080de0000-0xffffb9f080de5000   20480 dup_task_struct+0x44/0x2e0 pages=4 vmalloc N0=4
0xffffb9f080de8000-0xffffb9f080ded000   20480 dup_task_struct+0x44/0x2e0 pages=4 vmalloc N0=4
0xffffb9f080df0000-0xffffb9f080df5000   20480 dup_task_struct+0x44/0x2e0 pages=4 vmalloc N0=4
0xffffb9f080df8000-0xffffb9f080dfd000   20480 dup_task_struct+0x44/0x2e0 pages=4 vmalloc N0=4
0xffffb9f080e08000-0xffffb9f080e0d000   20480 dup_task_struct+0x44/0x2e0 pages=4 vmalloc N0=4
0xffffb9f080e10000-0xffffb9f080e15000   20480 dup_task_struct+0x44/0x2e0 pages=4 vmalloc N0=4
0xffffb9f080e18000-0xffffb9f080e1d000   20480 dup_task_struct+0x44/0x2e0 pages=4 vmalloc N0=4
0xffffb9f080e28000-0xffffb9f080e2d000   20480 dup_task_struct+0x44/0x2e0 pages=4 vmalloc N0=4
0xffffb9f080e30000-0xffffb9f080e35000   20480 dup_task_struct+0x44/0x2e0 pages=4 vmalloc N0=4
0xffffb9f080e38000-0xffffb9f080e3d000   20480 dup_task_struct+0x44/0x2e0 pages=4 vmalloc N0=4
0xffffb9f080e40000-0xffffb9f080e45000   20480 dup_task_struct+0x44/0x2e0 pages=4 vmalloc N0=4
0xffffb9f080e48000-0xffffb9f080e4d000   20480 dup_task_struct+0x44/0x2e0 pages=4 vmalloc N0=4
0xffffb9f080e50000-0xffffb9f080e55000   20480 dup_task_struct+0x44/0x2e0 pages=4 vmalloc N0=4
0xffffb9f080e58000-0xffffb9f080e5d000   20480 dup_task_struct+0x44/0x2e0 pages=4 vmalloc N0=4
0xffffb9f080e60000-0xffffb9f080e65000   20480 dup_task_struct+0x44/0x2e0 pages=4 vmalloc N0=4
0xffffb9f080e68000-0xffffb9f080e6d000   20480 dup_task_struct+0x44/0x2e0 pages=4 vmalloc N0=4
0xffffb9f080e70000-0xffffb9f080e75000   20480 dup_task_struct+0x44/0x2e0 pages=4 vmalloc N0=4
0xffffb9f080e78000-0xffffb9f080e7d000   20480 dup_task_struct+0x44/0x2e0 pages=4 vmalloc N0=4
0xffffb9f080e80000-0xffffb9f080e85000   20480 dup_task_struct+0x44/0x2e0 pages=4 vmalloc N0=4
0xffffb9f080e88000-0xffffb9f080e8d000   20480 dup_task_struct+0x44/0x2e0 pages=4 vmalloc N0=4
0xffffb9f080e9c000-0xffffb9f080ea1000   20480 dup_task_struct+0x44/0x2e0 pages=4 vmalloc N0=4
0xffffb9f080ea4000-0xffffb9f080ea9000   20480 dup_task_struct+0x44/0x2e0 pages=4 vmalloc N0=4
0xffffb9f080eac000-0xffffb9f080eb1000   20480 dup_task_struct+0x44/0x2e0 pages=4 vmalloc N0=4
0xffffb9f080ec0000-0xffffb9f080ec5000   20480 dup_task_struct+0x44/0x2e0 pages=4 vmalloc N0=4
0xffffb9f080ec8000-0xffffb9f080ecd000   20480 dup_task_struct+0x44/0x2e0 pages=4 vmalloc N0=4
0xffffb9f080ed8000-0xffffb9f080edd000   20480 dup_task_struct+0x44/0x2e0 pages=4 vmalloc N0=4
0xffffb9f080ee0000-0xffffb9f080ee5000   20480 dup_task_struct+0x44/0x2e0 pages=4 vmalloc N0=4
0xffffb9f080ef0000-0xffffb9f080ef5000   20480 dup_task_struct+0x44/0x2e0 pages=4 vmalloc N0=4
0xffffb9f080ef8000-0xffffb9f080efd000   20480 dup_task_struct+0x44/0x2e0 pages=4 vmalloc N0=4
0xffffb9f080f00000-0xffffb9f080f05000   20480 dup_task_struct+0x44/0x2e0 pages=4 vmalloc N0=4
0xffffb9f080f08000-0xffffb9f080f0d000   20480 dup_task_struct+0x44/0x2e0 pages=4 vmalloc N0=4
0xffffb9f080f18000-0xffffb9f080f1d000   20480 dup_task_struct+0x44/0x2e0 pages=4 vmalloc N0=4
0xffffb9f080f20000-0xffffb9f080f25000   20480 dup_task_struct+0x44/0x2e0 pages=4 vmalloc N0=4
0xffffb9f080f28000-0xffffb9f080f2d000   20480 dup_task_struct+0x44/0x2e0 pages=4 vmalloc N0=4
0xffffb9f080f30000-0xffffb9f080f35000   20480 dup_task_struct+0x44/0x2e0 pages=4 vmalloc N0=4
0xffffb9f080f38000-0xffffb9f080f3d000   20480 dup_task_struct+0x44/0x2e0 pages=4 vmalloc N0=4
0xffffb9f080f40000-0xffffb9f080f45000   20480 dup_task_struct+0x44/0x2e0 pages=4 vmalloc N0=4
0xffffb9f080f48000-0xffffb9f080f4d000   20480 dup_task_struct+0x44/0x2e0 pages=4 vmalloc N0=4
0xffffb9f080f50000-0xffffb9f080f55000   20480 dup_task_struct+0x44/0x2e0 pages=4 vmalloc N0=4
0xffffb9f080f58000-0xffffb9f080f5d000   20480 dup_task_struct+0x44/0x2e0 pages=4 vmalloc N0=4
0xffffb9f080f60000-0xffffb9f080f65000   20480 dup_task_struct+0x44/0x2e0 pages=4 vmalloc N0=4
0xffffb9f080f68000-0xffffb9f080f6d000   20480 dup_task_struct+0x44/0x2e0 pages=4 vmalloc N0=4
0xffffb9f080f70000-0xffffb9f080f75000   20480 dup_task_struct+0x44/0x2e0 pages=4 vmalloc N0=4
0xffffb9f080f78000-0xffffb9f080f7d000   20480 dup_task_struct+0x44/0x2e0 pages=4 vmalloc N0=4
0xffffb9f080f80000-0xffffb9f080f85000   20480 dup_task_struct+0x44/0x2e0 pages=4 vmalloc N0=4
0xffffb9f080f88000-0xffffb9f080f8d000   20480 dup_task_struct+0x44/0x2e0 pages=4 vmalloc N0=4
0xffffb9f080f90000-0xffffb9f080f95000   20480 dup_task_struct+0x44/0x2e0 pages=4 vmalloc N0=4
0xffffb9f080f98000-0xffffb9f080f9d000   20480 dup_task_struct+0x44/0x2e0 pages=4 vmalloc N0=4
0xffffb9f080fa8000-0xffffb9f080fad000   20480 dup_task_struct+0x44/0x2e0 pages=4 vmalloc N0=4
0xffffb9f080fb0000-0xffffb9f080fb5000   20480 dup_task_struct+0x44/0x2e0 pages=4 vmalloc N0=4
0xffffb9f080fb8000-0xffffb9f080fbd000   20480 dup_task_struct+0x44/0x2e0 pages=4 vmalloc N0=4
0xffffb9f080fc0000-0xffffb9f080fc5000   20480 dup_task_struct+0x44/0x2e0 pages=4 vmalloc N0=4
0xffffb9f080fc8000-0xffffb9f080fcd000   20480 dup_task_struct+0x44/0x2e0 pages=4 vmalloc N0=4
0xffffb9f080fd0000-0xffffb9f080fd5000   20480 dup_task_struct+0x44/0x2e0 pages=4 vmalloc N0=4
0xffffb9f080fd8000-0xffffb9f080fdd000   20480 dup_task_struct+0x44/0x2e0 pages=4 vmalloc N0=4
0xffffb9f080fe0000-0xffffb9f080fe5000   20480 dup_task_struct+0x44/0x2e0 pages=4 vmalloc N0=4
0xffffb9f080fe8000-0xffffb9f080fed000   20480 dup_task_struct+0x44/0x2e0 pages=4 vmalloc N0=4
0xffffb9f080ff0000-0xffffb9f080ff5000   20480 dup_task_struct+0x44/0x2e0 pages=4 vmalloc N0=4
0xffffb9f080ff8000-0xffffb9f080ffd000   20480 dup_task_struct+0x44/0x2e0 pages=4 vmalloc N0=4
0xffffb9f081000000-0xffffb9f081005000   20480 dup_task_struct+0x44/0x2e0 pages=4 vmalloc N0=4
0xffffb9f081008000-0xffffb9f08100d000   20480 dup_task_struct+0x44/0x2e0 pages=4 vmalloc N0=4
0xffffb9f081010000-0xffffb9f081015000   20480 dup_task_struct+0x44/0x2e0 pages=4 vmalloc N0=4
0xffffb9f081018000-0xffffb9f08101d000   20480 dup_task_struct+0x44/0x2e0 pages=4 vmalloc N0=4
0xffffb9f081020000-0xffffb9f081025000   20480 dup_task_struct+0x44/0x2e0 pages=4 vmalloc N0=4
0xffffb9f081028000-0xffffb9f08102d000   20480 dup_task_struct+0x44/0x2e0 pages=4 vmalloc N0=4
0xffffb9f081030000-0xffffb9f081035000   20480 dup_task_struct+0x44/0x2e0 pages=4 vmalloc N0=4
0xffffb9f081038000-0xffffb9f08103d000   20480 dup_task_struct+0x44/0x2e0 pages=4 vmalloc N0=4
0xffffb9f081040000-0xffffb9f081045000   20480 dup_task_struct+0x44/0x2e0 pages=4 vmalloc N0=4
0xffffb9f081048000-0xffffb9f08104d000   20480 dup_task_struct+0x44/0x2e0 pages=4 vmalloc N0=4
0xffffb9f081050000-0xffffb9f081055000   20480 dup_task_struct+0x44/0x2e0 pages=4 vmalloc N0=4
0xffffb9f081058000-0xffffb9f08105d000   20480 dup_task_struct+0x44/0x2e0 pages=4 vmalloc N0=4
0xffffb9f081060000-0xffffb9f081065000   20480 dup_task_struct+0x44/0x2e0 pages=4 vmalloc N0=4
0xffffb9f081068000-0xffffb9f08106d000   20480 dup_task_struct+0x44/0x2e0 pages=4 vmalloc N0=4
0xffffb9f081070000-0xffffb9f081075000   20480 dup_task_struct+0x44/0x2e0 pages=4 vmalloc N0=4
0xffffb9f081078000-0xffffb9f08107d000   20480 dup_task_struct+0x44/0x2e0 pages=4 vmalloc N0=4
0xffffb9f081084000-0xffffb9f081089000   20480 dup_task_struct+0x44/0x2e0 pages=4 vmalloc N0=4
0xffffb9f0810ac000-0xffffb9f0810b1000   20480 dup_task_struct+0x44/0x2e0 pages=4 vmalloc N0=4
0xffffb9f0810b4000-0xffffb9f0810b9000   20480 dup_task_struct+0x44/0x2e0 pages=4 vmalloc N0=4
0xffffb9f0810c4000-0xffffb9f0810c9000   20480 dup_task_struct+0x44/0x2e0 pages=4 vmalloc N0=4
0xffffb9f0810cc000-0xffffb9f0810d1000   20480 dup_task_struct+0x44/0x2e0 pages=4 vmalloc N0=4
0xffffb9f0810dc000-0xffffb9f0810e1000   20480 dup_task_struct+0x44/0x2e0 pages=4 vmalloc N0=4
0xffffb9f0810e4000-0xffffb9f0810e9000   20480 dup_task_struct+0x44/0x2e0 pages=4 vmalloc N0=4
0xffffb9f0810ec000-0xffffb9f0810f1000   20480 dup_task_struct+0x44/0x2e0 pages=4 vmalloc N0=4
0xffffb9f0810f4000-0xffffb9f0810f9000   20480 dup_task_struct+0x44/0x2e0 pages=4 vmalloc N0=4
0xffffb9f08110c000-0xffffb9f081111000   20480 dup_task_struct+0x44/0x2e0 pages=4 vmalloc N0=4
0xffffb9f081114000-0xffffb9f081119000   20480 dup_task_struct+0x44/0x2e0 pages=4 vmalloc N0=4
0xffffb9f08111c000-0xffffb9f081121000   20480 dup_task_struct+0x44/0x2e0 pages=4 vmalloc N0=4
0xffffb9f081124000-0xffffb9f081129000   20480 dup_task_struct+0x44/0x2e0 pages=4 vmalloc N0=4
0xffffb9f08112c000-0xffffb9f081131000   20480 dup_task_struct+0x44/0x2e0 pages=4 vmalloc N0=4
0xffffb9f081134000-0xffffb9f081139000   20480 dup_task_struct+0x44/0x2e0 pages=4 vmalloc N0=4
0xffffb9f08113c000-0xffffb9f081141000   20480 dup_task_struct+0x44/0x2e0 pages=4 vmalloc N0=4
0xffffb9f081144000-0xffffb9f081149000   20480 dup_task_struct+0x44/0x2e0 pages=4 vmalloc N0=4
0xffffb9f08114c000-0xffffb9f081151000   20480 dup_task_struct+0x44/0x2e0 pages=4 vmalloc N0=4
0xffffb9f081154000-0xffffb9f081159000   20480 dup_task_struct+0x44/0x2e0 pages=4 vmalloc N0=4
0xffffb9f08115c000-0xffffb9f081161000   20480 dup_task_struct+0x44/0x2e0 pages=4 vmalloc N0=4
0xffffb9f081164000-0xffffb9f081169000   20480 dup_task_struct+0x44/0x2e0 pages=4 vmalloc N0=4
0xffffb9f08116c000-0xffffb9f081171000   20480 dup_task_struct+0x44/0x2e0 pages=4 vmalloc N0=4
0xffffb9f081174000-0xffffb9f081179000   20480 dup_task_struct+0x44/0x2e0 pages=4 vmalloc N0=4
0xffffb9f08117c000-0xffffb9f081181000   20480 dup_task_struct+0x44/0x2e0 pages=4 vmalloc N0=4
0xffffb9f081184000-0xffffb9f081189000   20480 dup_task_struct+0x44/0x2e0 pages=4 vmalloc N0=4
0xffffb9f08118c000-0xffffb9f081191000   20480 dup_task_struct+0x44/0x2e0 pages=4 vmalloc N0=4
0xffffb9f081194000-0xffffb9f081199000   20480 dup_task_struct+0x44/0x2e0 pages=4 vmalloc N0=4
0xffffb9f0811a4000-0xffffb9f0811a9000   20480 dup_task_struct+0x44/0x2e0 pages=4 vmalloc N0=4
0xffffb9f0811ac000-0xffffb9f0811b1000   20480 dup_task_struct+0x44/0x2e0 pages=4 vmalloc N0=4
0xffffb9f0811b4000-0xffffb9f0811b9000   20480 dup_task_struct+0x44/0x2e0 pages=4 vmalloc N0=4
0xffffb9f0811bc000-0xffffb9f0811c1000   20480 dup_task_struct+0x44/0x2e0 pages=4 vmalloc N0=4
0xffffb9f0811c4000-0xffffb9f0811c9000   20480 dup_task_struct+0x44/0x2e0 pages=4 vmalloc N0=4
0xffffb9f0811cc000-0xffffb9f0811d1000   20480 dup_task_struct+0x44/0x2e0 pages=4 vmalloc N0=4
0xffffb9f0811d4000-0xffffb9f0811d9000   20480 dup_task_struct+0x44/0x2e0 pages=4 vmalloc N0=4
0xffffb9f0811dc000-0xffffb9f0811e1000   20480 dup_task_struct+0x44/0x2e0 pages=4 vmalloc N0=4
0xffffb9f0811e4000-0xffffb9f0811e9000   20480 dup_task_struct+0x44/0x2e0 pages=4 vmalloc N0=4
0xffffb9f0811ec000-0xffffb9f0811f1000   20480 dup_task_struct+0x44/0x2e0 pages=4 vmalloc N0=4
0xffffb9f0811f4000-0xffffb9f0811f9000   20480 dup_task_struct+0x44/0x2e0 pages=4 vmalloc N0=4
0xffffb9f081204000-0xffffb9f081209000   20480 dup_task_struct+0x44/0x2e0 pages=4 vmalloc N0=4
0xffffb9f08120c000-0xffffb9f081211000   20480 dup_task_struct+0x44/0x2e0 pages=4 vmalloc N0=4
0xffffb9f081214000-0xffffb9f081219000   20480 dup_task_struct+0x44/0x2e0 pages=4 vmalloc N0=4
0xffffb9f081228000-0xffffb9f08122d000   20480 dup_task_struct+0x44/0x2e0 pages=4 vmalloc N0=4
0xffffb9f081230000-0xffffb9f081235000   20480 dup_task_struct+0x44/0x2e0 pages=4 vmalloc N0=4
0xffffb9f081238000-0xffffb9f08123d000   20480 dup_task_struct+0x44/0x2e0 pages=4 vmalloc N0=4
0xffffb9f081240000-0xffffb9f081245000   20480 dup_task_struct+0x44/0x2e0 pages=4 vmalloc N0=4
0xffffb9f081248000-0xffffb9f08124d000   20480 dup_task_struct+0x44/0x2e0 pages=4 vmalloc N0=4
0xffffb9f081250000-0xffffb9f081255000   20480 dup_task_struct+0x44/0x2e0 pages=4 vmalloc N0=4
0xffffb9f081258000-0xffffb9f08125d000   20480 dup_task_struct+0x44/0x2e0 pages=4 vmalloc N0=4
0xffffb9f081260000-0xffffb9f081265000   20480 dup_task_struct+0x44/0x2e0 pages=4 vmalloc N0=4
0xffffb9f081268000-0xffffb9f08126d000   20480 dup_task_struct+0x44/0x2e0 pages=4 vmalloc N0=4
0xffffb9f081270000-0xffffb9f081275000   20480 dup_task_struct+0x44/0x2e0 pages=4 vmalloc N0=4
0xffffb9f081278000-0xffffb9f08127d000   20480 dup_task_struct+0x44/0x2e0 pages=4 vmalloc N0=4
0xffffb9f081280000-0xffffb9f081285000   20480 dup_task_struct+0x44/0x2e0 pages=4 vmalloc N0=4
0xffffb9f081288000-0xffffb9f08128d000   20480 dup_task_struct+0x44/0x2e0 pages=4 vmalloc N0=4
0xffffb9f081290000-0xffffb9f081295000   20480 dup_task_struct+0x44/0x2e0 pages=4 vmalloc N0=4
0xffffb9f081298000-0xffffb9f08129d000   20480 dup_task_struct+0x44/0x2e0 pages=4 vmalloc N0=4
0xffffb9f0812a0000-0xffffb9f0812a5000   20480 dup_task_struct+0x44/0x2e0 pages=4 vmalloc N0=4
0xffffb9f0812a8000-0xffffb9f0812ad000   20480 dup_task_struct+0x44/0x2e0 pages=4 vmalloc N0=4
0xffffb9f0812b0000-0xffffb9f0812b5000   20480 dup_task_struct+0x44/0x2e0 pages=4 vmalloc N0=4
0xffffb9f0812b8000-0xffffb9f0812bd000   20480 dup_task_struct+0x44/0x2e0 pages=4 vmalloc N0=4
0xffffb9f0812c0000-0xffffb9f0812c5000   20480 dup_task_struct+0x44/0x2e0 pages=4 vmalloc N0=4
0xffffb9f0812c8000-0xffffb9f0812cd000   20480 dup_task_struct+0x44/0x2e0 pages=4 vmalloc N0=4
0xffffb9f0812d0000-0xffffb9f0812d5000   20480 dup_task_struct+0x44/0x2e0 pages=4 vmalloc N0=4
0xffffb9f0812d8000-0xffffb9f0812dd000   20480 dup_task_struct+0x44/0x2e0 pages=4 vmalloc N0=4
0xffffb9f0812e0000-0xffffb9f0812e5000   20480 dup_task_struct+0x44/0x2e0 pages=4 vmalloc N0=4
0xffffb9f0812e8000-0xffffb9f0812ed000   20480 dup_task_struct+0x44/0x2e0 pages=4 vmalloc N0=4
0xffffb9f0812f0000-0xffffb9f0812f5000   20480 dup_task_struct+0x44/0x2e0 pages=4 vmalloc N0=4
0xffffb9f0812f8000-0xffffb9f0812fd000   20480 dup_task_struct+0x44/0x2e0 pages=4 vmalloc N0=4
0xffffb9f081300000-0xffffb9f081305000   20480 dup_task_struct+0x44/0x2e0 pages=4 vmalloc N0=4
0xffffb9f081308000-0xffffb9f08130d000   20480 dup_task_struct+0x44/0x2e0 pages=4 vmalloc N0=4
0xffffb9f081310000-0xffffb9f081315000   20480 dup_task_struct+0x44/0x2e0 pages=4 vmalloc N0=4
0xffffb9f081318000-0xffffb9f08131d000   20480 dup_task_struct+0x44/0x2e0 pages=4 vmalloc N0=4
0xffffb9f081320000-0xffffb9f081325000   20480 dup_task_struct+0x44/0x2e0 pages=4 vmalloc N0=4
0xffffb9f081328000-0xffffb9f08132d000   20480 dup_task_struct+0x44/0x2e0 pages=4 vmalloc N0=4
0xffffb9f081330000-0xffffb9f081335000   20480 dup_task_struct+0x44/0x2e0 pages=4 vmalloc N0=4
0xffffb9f081338000-0xffffb9f08133d000   20480 dup_task_struct+0x44/0x2e0 pages=4 vmalloc N0=4
0xffffb9f081340000-0xffffb9f081345000   20480 dup_task_struct+0x44/0x2e0 pages=4 vmalloc N0=4
0xffffb9f081348000-0xffffb9f08134d000   20480 dup_task_struct+0x44/0x2e0 pages=4 vmalloc N0=4
0xffffb9f081350000-0xffffb9f081355000   20480 dup_task_struct+0x44/0x2e0 pages=4 vmalloc N0=4
0xffffb9f081358000-0xffffb9f08135d000   20480 dup_task_struct+0x44/0x2e0 pages=4 vmalloc N0=4
0xffffb9f081360000-0xffffb9f081365000   20480 dup_task_struct+0x44/0x2e0 pages=4 vmalloc N0=4
0xffffb9f081368000-0xffffb9f08136d000   20480 dup_task_struct+0x44/0x2e0 pages=4 vmalloc N0=4
0xffffb9f081378000-0xffffb9f08137d000   20480 dup_task_struct+0x44/0x2e0 pages=4 vmalloc N0=4
0xffffb9f081380000-0xffffb9f081385000   20480 dup_task_struct+0x44/0x2e0 pages=4 vmalloc N0=4
0xffffb9f081388000-0xffffb9f08138d000   20480 dup_task_struct+0x44/0x2e0 pages=4 vmalloc N0=4
0xffffb9f081390000-0xffffb9f081395000   20480 dup_task_struct+0x44/0x2e0 pages=4 vmalloc N0=4
0xffffb9f081398000-0xffffb9f08139d000   20480 dup_task_struct+0x44/0x2e0 pages=4 vmalloc N0=4
0xffffb9f08139d000-0xffffb9f0813ab000   57344 bpf_prog_alloc_no_stats+0x2e/0x120 pages=13 vmalloc N0=13
0xffffb9f0813b4000-0xffffb9f0813b9000   20480 dup_task_struct+0x44/0x2e0 pages=4 vmalloc N0=4
0xffffb9f0813bc000-0xffffb9f0813c1000   20480 dup_task_struct+0x44/0x2e0 pages=4 vmalloc N0=4
0xffffb9f0813c4000-0xffffb9f0813c9000   20480 dup_task_struct+0x44/0x2e0 pages=4 vmalloc N0=4
0xffffb9f0813d0000-0xffffb9f0813d5000   20480 dup_task_struct+0x44/0x2e0 pages=4 vmalloc N0=4
0xffffb9f0813d8000-0xffffb9f0813dd000   20480 dup_task_struct+0x44/0x2e0 pages=4 vmalloc N0=4
0xffffb9f0813e0000-0xffffb9f0813e5000   20480 dup_task_struct+0x44/0x2e0 pages=4 vmalloc N0=4
0xffffb9f0813e8000-0xffffb9f0813ed000   20480 dup_task_struct+0x44/0x2e0 pages=4 vmalloc N0=4
0xffffb9f0813f0000-0xffffb9f0813f5000   20480 dup_task_struct+0x44/0x2e0 pages=4 vmalloc N0=4
0xffffb9f0813f8000-0xffffb9f0813fd000   20480 dup_task_struct+0x44/0x2e0 pages=4 vmalloc N0=4
0xffffb9f081400000-0xffffb9f081405000   20480 dup_task_struct+0x44/0x2e0 pages=4 vmalloc N0=4
0xffffb9f081408000-0xffffb9f08140d000   20480 dup_task_struct+0x44/0x2e0 pages=4 vmalloc N0=4
0xffffb9f081410000-0xffffb9f081415000   20480 dup_task_struct+0x44/0x2e0 pages=4 vmalloc N0=4
0xffffb9f081420000-0xffffb9f081425000   20480 dup_task_struct+0x44/0x2e0 pages=4 vmalloc N0=4
0xffffb9f081428000-0xffffb9f08142d000   20480 dup_task_struct+0x44/0x2e0 pages=4 vmalloc N0=4
0xffffb9f081430000-0xffffb9f081435000   20480 dup_task_struct+0x44/0x2e0 pages=4 vmalloc N0=4
0xffffb9f081440000-0xffffb9f081445000   20480 dup_task_struct+0x44/0x2e0 pages=4 vmalloc N0=4
0xffffb9f081448000-0xffffb9f08144d000   20480 dup_task_struct+0x44/0x2e0 pages=4 vmalloc N0=4
0xffffb9f081450000-0xffffb9f081455000   20480 dup_task_struct+0x44/0x2e0 pages=4 vmalloc N0=4
0xffffb9f081458000-0xffffb9f08145d000   20480 dup_task_struct+0x44/0x2e0 pages=4 vmalloc N0=4
0xffffb9f081460000-0xffffb9f081465000   20480 dup_task_struct+0x44/0x2e0 pages=4 vmalloc N0=4
0xffffb9f081468000-0xffffb9f08146d000   20480 dup_task_struct+0x44/0x2e0 pages=4 vmalloc N0=4
0xffffb9f081470000-0xffffb9f081475000   20480 dup_task_struct+0x44/0x2e0 pages=4 vmalloc N0=4
0xffffb9f081478000-0xffffb9f08147d000   20480 dup_task_struct+0x44/0x2e0 pages=4 vmalloc N0=4
0xffffb9f081480000-0xffffb9f081485000   20480 dup_task_struct+0x44/0x2e0 pages=4 vmalloc N0=4
0xffffb9f081488000-0xffffb9f08148d000   20480 dup_task_struct+0x44/0x2e0 pages=4 vmalloc N0=4
0xffffb9f081490000-0xffffb9f081495000   20480 dup_task_struct+0x44/0x2e0 pages=4 vmalloc N0=4
0xffffb9f081498000-0xffffb9f08149d000   20480 dup_task_struct+0x44/0x2e0 pages=4 vmalloc N0=4
0xffffb9f0814a0000-0xffffb9f0814a5000   20480 dup_task_struct+0x44/0x2e0 pages=4 vmalloc N0=4
0xffffb9f0814a8000-0xffffb9f0814ad000   20480 dup_task_struct+0x44/0x2e0 pages=4 vmalloc N0=4
0xffffb9f0814b0000-0xffffb9f0814b5000   20480 dup_task_struct+0x44/0x2e0 pages=4 vmalloc N0=4
0xffffb9f0814b8000-0xffffb9f0814bd000   20480 dup_task_struct+0x44/0x2e0 pages=4 vmalloc N0=4
0xffffb9f0814c0000-0xffffb9f0814c5000   20480 dup_task_struct+0x44/0x2e0 pages=4 vmalloc N0=4
0xffffb9f0814c8000-0xffffb9f0814cd000   20480 dup_task_struct+0x44/0x2e0 pages=4 vmalloc N0=4
0xffffb9f0814d0000-0xffffb9f0814d5000   20480 dup_task_struct+0x44/0x2e0 pages=4 vmalloc N0=4
0xffffb9f0814d8000-0xffffb9f0814dd000   20480 dup_task_struct+0x44/0x2e0 pages=4 vmalloc N0=4
0xffffb9f0814e0000-0xffffb9f0814e5000   20480 dup_task_struct+0x44/0x2e0 pages=4 vmalloc N0=4
0xffffb9f0814e8000-0xffffb9f0814ed000   20480 dup_task_struct+0x44/0x2e0 pages=4 vmalloc N0=4
0xffffb9f0814f0000-0xffffb9f0814f5000   20480 dup_task_struct+0x44/0x2e0 pages=4 vmalloc N0=4
0xffffb9f0814f8000-0xffffb9f0814fd000   20480 dup_task_struct+0x44/0x2e0 pages=4 vmalloc N0=4
0xffffb9f081500000-0xffffb9f081505000   20480 dup_task_struct+0x44/0x2e0 pages=4 vmalloc N0=4
0xffffb9f081508000-0xffffb9f08150d000   20480 dup_task_struct+0x44/0x2e0 pages=4 vmalloc N0=4
0xffffb9f081510000-0xffffb9f081515000   20480 dup_task_struct+0x44/0x2e0 pages=4 vmalloc N0=4
0xffffb9f081518000-0xffffb9f08151d000   20480 dup_task_struct+0x44/0x2e0 pages=4 vmalloc N0=4
0xffffb9f081520000-0xffffb9f081525000   20480 dup_task_struct+0x44/0x2e0 pages=4 vmalloc N0=4
0xffffb9f081528000-0xffffb9f08152d000   20480 dup_task_struct+0x44/0x2e0 pages=4 vmalloc N0=4
0xffffb9f081530000-0xffffb9f081535000   20480 dup_task_struct+0x44/0x2e0 pages=4 vmalloc N0=4
0xffffb9f081538000-0xffffb9f08153d000   20480 dup_task_struct+0x44/0x2e0 pages=4 vmalloc N0=4
0xffffb9f081540000-0xffffb9f081545000   20480 dup_task_struct+0x44/0x2e0 pages=4 vmalloc N0=4
0xffffb9f081548000-0xffffb9f08154d000   20480 dup_task_struct+0x44/0x2e0 pages=4 vmalloc N0=4
0xffffb9f081550000-0xffffb9f081555000   20480 dup_task_struct+0x44/0x2e0 pages=4 vmalloc N0=4
0xffffb9f081558000-0xffffb9f08155d000   20480 dup_task_struct+0x44/0x2e0 pages=4 vmalloc N0=4
0xffffb9f081560000-0xffffb9f081565000   20480 dup_task_struct+0x44/0x2e0 pages=4 vmalloc N0=4
0xffffb9f081568000-0xffffb9f08156d000   20480 dup_task_struct+0x44/0x2e0 pages=4 vmalloc N0=4
0xffffb9f081570000-0xffffb9f081575000   20480 dup_task_struct+0x44/0x2e0 pages=4 vmalloc N0=4
0xffffb9f081578000-0xffffb9f08157d000   20480 dup_task_struct+0x44/0x2e0 pages=4 vmalloc N0=4
0xffffb9f081580000-0xffffb9f081585000   20480 dup_task_struct+0x44/0x2e0 pages=4 vmalloc N0=4
0xffffb9f081588000-0xffffb9f08158d000   20480 dup_task_struct+0x44/0x2e0 pages=4 vmalloc N0=4
0xffffb9f081590000-0xffffb9f081595000   20480 dup_task_struct+0x44/0x2e0 pages=4 vmalloc N0=4
0xffffb9f081598000-0xffffb9f08159d000   20480 dup_task_struct+0x44/0x2e0 pages=4 vmalloc N0=4
0xffffb9f0815a0000-0xffffb9f0815a5000   20480 dup_task_struct+0x44/0x2e0 pages=4 vmalloc N0=4
0xffffb9f0815a8000-0xffffb9f0815ad000   20480 dup_task_struct+0x44/0x2e0 pages=4 vmalloc N0=4
0xffffb9f0815b0000-0xffffb9f0815b5000   20480 dup_task_struct+0x44/0x2e0 pages=4 vmalloc N0=4
0xffffb9f0815bc000-0xffffb9f0815c1000   20480 dup_task_struct+0x44/0x2e0 pages=4 vmalloc N0=4
0xffffb9f0815c4000-0xffffb9f0815c9000   20480 dup_task_struct+0x44/0x2e0 pages=4 vmalloc N0=4
0xffffb9f0815cc000-0xffffb9f0815d1000   20480 dup_task_struct+0x44/0x2e0 pages=4 vmalloc N0=4
0xffffb9f0815dc000-0xffffb9f0815e1000   20480 dup_task_struct+0x44/0x2e0 pages=4 vmalloc N0=4
0xffffb9f0815e4000-0xffffb9f0815e9000   20480 dup_task_struct+0x44/0x2e0 pages=4 vmalloc N0=4
0xffffb9f0815ec000-0xffffb9f0815f1000   20480 dup_task_struct+0x44/0x2e0 pages=4 vmalloc N0=4
0xffffb9f0815f4000-0xffffb9f0815f9000   20480 dup_task_struct+0x44/0x2e0 pages=4 vmalloc N0=4
0xffffb9f0815fc000-0xffffb9f081601000   20480 dup_task_struct+0x44/0x2e0 pages=4 vmalloc N0=4
0xffffb9f081604000-0xffffb9f081609000   20480 dup_task_struct+0x44/0x2e0 pages=4 vmalloc N0=4
0xffffb9f08160c000-0xffffb9f081611000   20480 dup_task_struct+0x44/0x2e0 pages=4 vmalloc N0=4
0xffffb9f081614000-0xffffb9f081619000   20480 dup_task_struct+0x44/0x2e0 pages=4 vmalloc N0=4
0xffffb9f08161c000-0xffffb9f081621000   20480 dup_task_struct+0x44/0x2e0 pages=4 vmalloc N0=4
0xffffb9f081624000-0xffffb9f081629000   20480 dup_task_struct+0x44/0x2e0 pages=4 vmalloc N0=4
0xffffb9f08162c000-0xffffb9f081631000   20480 dup_task_struct+0x44/0x2e0 pages=4 vmalloc N0=4
0xffffb9f081634000-0xffffb9f081639000   20480 dup_task_struct+0x44/0x2e0 pages=4 vmalloc N0=4
0xffffb9f08163c000-0xffffb9f081641000   20480 dup_task_struct+0x44/0x2e0 pages=4 vmalloc N0=4
0xffffb9f081644000-0xffffb9f081649000   20480 dup_task_struct+0x44/0x2e0 pages=4 vmalloc N0=4
0xffffb9f08164c000-0xffffb9f081651000   20480 dup_task_struct+0x44/0x2e0 pages=4 vmalloc N0=4
0xffffb9f081654000-0xffffb9f081659000   20480 dup_task_struct+0x44/0x2e0 pages=4 vmalloc N0=4
0xffffb9f081664000-0xffffb9f081669000   20480 dup_task_struct+0x44/0x2e0 pages=4 vmalloc N0=4
0xffffb9f08166c000-0xffffb9f081671000   20480 dup_task_struct+0x44/0x2e0 pages=4 vmalloc N0=4
0xffffb9f081674000-0xffffb9f081679000   20480 dup_task_struct+0x44/0x2e0 pages=4 vmalloc N0=4
0xffffb9f081684000-0xffffb9f081689000   20480 dup_task_struct+0x44/0x2e0 pages=4 vmalloc N0=4
0xffffb9f08168c000-0xffffb9f081691000   20480 dup_task_struct+0x44/0x2e0 pages=4 vmalloc N0=4
0xffffb9f081694000-0xffffb9f081699000   20480 dup_task_struct+0x44/0x2e0 pages=4 vmalloc N0=4
0xffffb9f08169c000-0xffffb9f0816a1000   20480 dup_task_struct+0x44/0x2e0 pages=4 vmalloc N0=4
0xffffb9f0816a4000-0xffffb9f0816a9000   20480 dup_task_struct+0x44/0x2e0 pages=4 vmalloc N0=4
0xffffb9f0816ac000-0xffffb9f0816b1000   20480 dup_task_struct+0x44/0x2e0 pages=4 vmalloc N0=4
0xffffb9f0816b4000-0xffffb9f0816b9000   20480 dup_task_struct+0x44/0x2e0 pages=4 vmalloc N0=4
0xffffb9f0816bc000-0xffffb9f0816c1000   20480 dup_task_struct+0x44/0x2e0 pages=4 vmalloc N0=4
0xffffb9f0816dc000-0xffffb9f0816e1000   20480 dup_task_struct+0x44/0x2e0 pages=4 vmalloc N0=4
0xffffb9f0816e4000-0xffffb9f0816e9000   20480 dup_task_struct+0x44/0x2e0 pages=4 vmalloc N0=4
0xffffb9f0816ec000-0xffffb9f0816f1000   20480 dup_task_struct+0x44/0x2e0 pages=4 vmalloc N0=4
0xffffb9f0816f4000-0xffffb9f0816f9000   20480 dup_task_struct+0x44/0x2e0 pages=4 vmalloc N0=4
0xffffb9f0816fc000-0xffffb9f081701000   20480 dup_task_struct+0x44/0x2e0 pages=4 vmalloc N0=4
0xffffb9f081704000-0xffffb9f081709000   20480 dup_task_struct+0x44/0x2e0 pages=4 vmalloc N0=4
0xffffb9f08170c000-0xffffb9f081711000   20480 dup_task_struct+0x44/0x2e0 pages=4 vmalloc N0=4
0xffffb9f081714000-0xffffb9f081719000   20480 dup_task_struct+0x44/0x2e0 pages=4 vmalloc N0=4
0xffffb9f08171c000-0xffffb9f081721000   20480 dup_task_struct+0x44/0x2e0 pages=4 vmalloc N0=4
0xffffb9f08173c000-0xffffb9f081741000   20480 dup_task_struct+0x44/0x2e0 pages=4 vmalloc N0=4
0xffffb9f081744000-0xffffb9f081749000   20480 dup_task_struct+0x44/0x2e0 pages=4 vmalloc N0=4
0xffffb9f081764000-0xffffb9f081769000   20480 dup_task_struct+0x44/0x2e0 pages=4 vmalloc N0=4
0xffffb9f08177c000-0xffffb9f081781000   20480 dup_task_struct+0x44/0x2e0 pages=4 vmalloc N0=4
0xffffb9f081784000-0xffffb9f081789000   20480 dup_task_struct+0x44/0x2e0 pages=4 vmalloc N0=4
0xffffb9f08179c000-0xffffb9f0817a1000   20480 dup_task_struct+0x44/0x2e0 pages=4 vmalloc N0=4
0xffffb9f0817a4000-0xffffb9f0817a9000   20480 dup_task_struct+0x44/0x2e0 pages=4 vmalloc N0=4
0xffffb9f0817ac000-0xffffb9f0817b1000   20480 dup_task_struct+0x44/0x2e0 pages=4 vmalloc N0=4
0xffffb9f0817c0000-0xffffb9f0817c5000   20480 dup_task_struct+0x44/0x2e0 pages=4 vmalloc N0=4
0xffffb9f0817c8000-0xffffb9f0817cd000   20480 dup_task_struct+0x44/0x2e0 pages=4 vmalloc N0=4
0xffffb9f0817d8000-0xffffb9f0817dd000   20480 dup_task_struct+0x44/0x2e0 pages=4 vmalloc N0=4
0xffffb9f0817e0000-0xffffb9f0817e5000   20480 dup_task_struct+0x44/0x2e0 pages=4 vmalloc N0=4
0xffffb9f0817e8000-0xffffb9f0817ed000   20480 dup_task_struct+0x44/0x2e0 pages=4 vmalloc N0=4
0xffffb9f0817f8000-0xffffb9f0817fd000   20480 dup_task_struct+0x44/0x2e0 pages=4 vmalloc N0=4
0xffffb9f081800000-0xffffb9f081805000   20480 dup_task_struct+0x44/0x2e0 pages=4 vmalloc N0=4
0xffffb9f081808000-0xffffb9f08180d000   20480 dup_task_struct+0x44/0x2e0 pages=4 vmalloc N0=4
0xffffb9f081810000-0xffffb9f081815000   20480 dup_task_struct+0x44/0x2e0 pages=4 vmalloc N0=4
0xffffb9f081824000-0xffffb9f081829000   20480 dup_task_struct+0x44/0x2e0 pages=4 vmalloc N0=4
0xffffb9f08183c000-0xffffb9f081841000   20480 dup_task_struct+0x44/0x2e0 pages=4 vmalloc N0=4
0xffffb9f081844000-0xffffb9f081849000   20480 dup_task_struct+0x44/0x2e0 pages=4 vmalloc N0=4
0xffffb9f08184c000-0xffffb9f081851000   20480 dup_task_struct+0x44/0x2e0 pages=4 vmalloc N0=4
0xffffb9f081854000-0xffffb9f081859000   20480 dup_task_struct+0x44/0x2e0 pages=4 vmalloc N0=4
0xffffb9f08185c000-0xffffb9f081861000   20480 dup_task_struct+0x44/0x2e0 pages=4 vmalloc N0=4
0xffffb9f081864000-0xffffb9f081869000   20480 dup_task_struct+0x44/0x2e0 pages=4 vmalloc N0=4
0xffffb9f08186c000-0xffffb9f081871000   20480 dup_task_struct+0x44/0x2e0 pages=4 vmalloc N0=4
0xffffb9f081874000-0xffffb9f081879000   20480 dup_task_struct+0x44/0x2e0 pages=4 vmalloc N0=4
0xffffb9f08187c000-0xffffb9f081881000   20480 dup_task_struct+0x44/0x2e0 pages=4 vmalloc N0=4
0xffffb9f081884000-0xffffb9f081889000   20480 dup_task_struct+0x44/0x2e0 pages=4 vmalloc N0=4
0xffffb9f08188c000-0xffffb9f081891000   20480 dup_task_struct+0x44/0x2e0 pages=4 vmalloc N0=4
0xffffb9f081894000-0xffffb9f081899000   20480 dup_task_struct+0x44/0x2e0 pages=4 vmalloc N0=4
0xffffb9f08189c000-0xffffb9f0818a1000   20480 dup_task_struct+0x44/0x2e0 pages=4 vmalloc N0=4
0xffffb9f0818ac000-0xffffb9f0818b1000   20480 dup_task_struct+0x44/0x2e0 pages=4 vmalloc N0=4
0xffffb9f0818bc000-0xffffb9f0818c1000   20480 dup_task_struct+0x44/0x2e0 pages=4 vmalloc N0=4
0xffffb9f0818c4000-0xffffb9f0818c9000   20480 dup_task_struct+0x44/0x2e0 pages=4 vmalloc N0=4
0xffffb9f0818cc000-0xffffb9f0818d1000   20480 dup_task_struct+0x44/0x2e0 pages=4 vmalloc N0=4
0xffffb9f0818d4000-0xffffb9f0818d9000   20480 dup_task_struct+0x44/0x2e0 pages=4 vmalloc N0=4
0xffffb9f0818ec000-0xffffb9f0818f1000   20480 dup_task_struct+0x44/0x2e0 pages=4 vmalloc N0=4
0xffffb9f0818f4000-0xffffb9f0818f9000   20480 dup_task_struct+0x44/0x2e0 pages=4 vmalloc N0=4
0xffffb9f08197c000-0xffffb9f081981000   20480 dup_task_struct+0x44/0x2e0 pages=4 vmalloc N0=4
0xffffb9f0819b4000-0xffffb9f0819b9000   20480 dup_task_struct+0x44/0x2e0 pages=4 vmalloc N0=4
0xffffb9f0819bc000-0xffffb9f0819c1000   20480 dup_task_struct+0x44/0x2e0 pages=4 vmalloc N0=4
0xffffb9f0819c4000-0xffffb9f0819c9000   20480 dup_task_struct+0x44/0x2e0 pages=4 vmalloc N0=4
0xffffb9f0819cc000-0xffffb9f0819d1000   20480 dup_task_struct+0x44/0x2e0 pages=4 vmalloc N0=4
0xffffb9f0819d4000-0xffffb9f0819d9000   20480 dup_task_struct+0x44/0x2e0 pages=4 vmalloc N0=4
0xffffb9f0819e4000-0xffffb9f0819e9000   20480 dup_task_struct+0x44/0x2e0 pages=4 vmalloc N0=4
0xffffb9f0819f4000-0xffffb9f0819f9000   20480 dup_task_struct+0x44/0x2e0 pages=4 vmalloc N0=4
0xffffb9f0819fc000-0xffffb9f081a01000   20480 dup_task_struct+0x44/0x2e0 pages=4 vmalloc N0=4
0xffffb9f081a04000-0xffffb9f081a09000   20480 dup_task_struct+0x44/0x2e0 pages=4 vmalloc N0=4
0xffffb9f081b8c000-0xffffb9f081b91000   20480 dup_task_struct+0x44/0x2e0 pages=4 vmalloc N0=4
0xffffb9f081bc4000-0xffffb9f081bc9000   20480 dup_task_struct+0x44/0x2e0 pages=4 vmalloc N0=4
0xffffb9f081bcc000-0xffffb9f081bd1000   20480 dup_task_struct+0x44/0x2e0 pages=4 vmalloc N0=4
0xffffb9f081be4000-0xffffb9f081be9000   20480 dup_task_struct+0x44/0x2e0 pages=4 vmalloc N0=4
0xffffb9f081bf4000-0xffffb9f081bf9000   20480 dup_task_struct+0x44/0x2e0 pages=4 vmalloc N0=4
0xffffb9f081bfc000-0xffffb9f081c01000   20480 dup_task_struct+0x44/0x2e0 pages=4 vmalloc N0=4
0xffffb9f081c04000-0xffffb9f081c09000   20480 dup_task_struct+0x44/0x2e0 pages=4 vmalloc N0=4
0xffffb9f081c0c000-0xffffb9f081c11000   20480 dup_task_struct+0x44/0x2e0 pages=4 vmalloc N0=4
0xffffb9f081c14000-0xffffb9f081c19000   20480 dup_task_struct+0x44/0x2e0 pages=4 vmalloc N0=4
0xffffb9f081c1c000-0xffffb9f081c21000   20480 dup_task_struct+0x44/0x2e0 pages=4 vmalloc N0=4
0xffffb9f081c24000-0xffffb9f081c29000   20480 dup_task_struct+0x44/0x2e0 pages=4 vmalloc N0=4
0xffffb9f081c2c000-0xffffb9f081c31000   20480 dup_task_struct+0x44/0x2e0 pages=4 vmalloc N0=4
0xffffb9f081c34000-0xffffb9f081c39000   20480 dup_task_struct+0x44/0x2e0 pages=4 vmalloc N0=4
0xffffb9f081c3c000-0xffffb9f081c41000   20480 dup_task_struct+0x44/0x2e0 pages=4 vmalloc N0=4
0xffffb9f081c44000-0xffffb9f081c49000   20480 dup_task_struct+0x44/0x2e0 pages=4 vmalloc N0=4
0xffffb9f081c4c000-0xffffb9f081c51000   20480 dup_task_struct+0x44/0x2e0 pages=4 vmalloc N0=4
0xffffb9f081c54000-0xffffb9f081c59000   20480 dup_task_struct+0x44/0x2e0 pages=4 vmalloc N0=4
0xffffb9f081c5c000-0xffffb9f081c61000   20480 dup_task_struct+0x44/0x2e0 pages=4 vmalloc N0=4
0xffffb9f081c6c000-0xffffb9f081c71000   20480 dup_task_struct+0x44/0x2e0 pages=4 vmalloc N0=4
0xffffb9f081c9c000-0xffffb9f081ca1000   20480 dup_task_struct+0x44/0x2e0 pages=4 vmalloc N0=4
0xffffb9f081cdc000-0xffffb9f081ce1000   20480 dup_task_struct+0x44/0x2e0 pages=4 vmalloc N0=4
0xffffb9f081d24000-0xffffb9f081d29000   20480 dup_task_struct+0x44/0x2e0 pages=4 vmalloc N0=4
0xffffb9f081d3c000-0xffffb9f081d41000   20480 dup_task_struct+0x44/0x2e0 pages=4 vmalloc N0=4
0xffffb9f081d44000-0xffffb9f081d49000   20480 dup_task_struct+0x44/0x2e0 pages=4 vmalloc N0=4
0xffffb9f081d4c000-0xffffb9f081d51000   20480 dup_task_struct+0x44/0x2e0 pages=4 vmalloc N0=4
0xffffb9f081d5c000-0xffffb9f081d61000   20480 dup_task_struct+0x44/0x2e0 pages=4 vmalloc N0=4
0xffffb9f081d6c000-0xffffb9f081d71000   20480 dup_task_struct+0x44/0x2e0 pages=4 vmalloc N0=4
0xffffb9f081dbc000-0xffffb9f081dc1000   20480 dup_task_struct+0x44/0x2e0 pages=4 vmalloc N0=4
0xffffb9f081dcc000-0xffffb9f081dd1000   20480 dup_task_struct+0x44/0x2e0 pages=4 vmalloc N0=4
0xffffb9f081dfc000-0xffffb9f081e01000   20480 dup_task_struct+0x44/0x2e0 pages=4 vmalloc N0=4
0xffffb9f081e44000-0xffffb9f081e49000   20480 dup_task_struct+0x44/0x2e0 pages=4 vmalloc N0=4
0xffffb9f081e74000-0xffffb9f081e79000   20480 dup_task_struct+0x44/0x2e0 pages=4 vmalloc N0=4
0xffffb9f081eac000-0xffffb9f081eb1000   20480 dup_task_struct+0x44/0x2e0 pages=4 vmalloc N0=4
0xffffb9f081ebc000-0xffffb9f081ec1000   20480 dup_task_struct+0x44/0x2e0 pages=4 vmalloc N0=4
0xffffb9f081ec4000-0xffffb9f081ec9000   20480 dup_task_struct+0x44/0x2e0 pages=4 vmalloc N0=4
0xffffb9f081ecc000-0xffffb9f081ed1000   20480 dup_task_struct+0x44/0x2e0 pages=4 vmalloc N0=4
0xffffb9f081efc000-0xffffb9f081f01000   20480 dup_task_struct+0x44/0x2e0 pages=4 vmalloc N0=4
0xffffb9f081f04000-0xffffb9f081f09000   20480 dup_task_struct+0x44/0x2e0 pages=4 vmalloc N0=4
0xffffb9f081f0c000-0xffffb9f081f11000   20480 dup_task_struct+0x44/0x2e0 pages=4 vmalloc N0=4
0xffffb9f081f14000-0xffffb9f081f19000   20480 dup_task_struct+0x44/0x2e0 pages=4 vmalloc N0=4
0xffffb9f081f1c000-0xffffb9f081f21000   20480 dup_task_struct+0x44/0x2e0 pages=4 vmalloc N0=4
0xffffb9f081f24000-0xffffb9f081f29000   20480 dup_task_struct+0x44/0x2e0 pages=4 vmalloc N0=4
0xffffb9f081f4c000-0xffffb9f081f51000   20480 dup_task_struct+0x44/0x2e0 pages=4 vmalloc N0=4
0xffffb9f081f5c000-0xffffb9f081f61000   20480 dup_task_struct+0x44/0x2e0 pages=4 vmalloc N0=4
0xffffb9f081f6c000-0xffffb9f081f71000   20480 dup_task_struct+0x44/0x2e0 pages=4 vmalloc N0=4
0xffffb9f081f8c000-0xffffb9f081f91000   20480 dup_task_struct+0x44/0x2e0 pages=4 vmalloc N0=4
0xffffb9f081fa4000-0xffffb9f081fa9000   20480 dup_task_struct+0x44/0x2e0 pages=4 vmalloc N0=4
0xffffb9f081fbc000-0xffffb9f081fc1000   20480 dup_task_struct+0x44/0x2e0 pages=4 vmalloc N0=4
0xffffb9f081fc4000-0xffffb9f081fc9000   20480 dup_task_struct+0x44/0x2e0 pages=4 vmalloc N0=4
0xffffb9f081fcc000-0xffffb9f081fd1000   20480 dup_task_struct+0x44/0x2e0 pages=4 vmalloc N0=4
0xffffb9f081fd4000-0xffffb9f081fd9000   20480 dup_task_struct+0x44/0x2e0 pages=4 vmalloc N0=4
0xffffb9f082000000-0xffffb9f084001000 33558528 devm_ioremap+0x3e/0x80 phys=0x00000000c0000000 ioremap
0xffffb9f0840b4000-0xffffb9f0840b9000   20480 dup_task_struct+0x44/0x2e0 pages=4 vmalloc N0=4
0xffffb9f0841bc000-0xffffb9f0841c1000   20480 dup_task_struct+0x44/0x2e0 pages=4 vmalloc N0=4
0xffffb9f0841cc000-0xffffb9f0841d1000   20480 dup_task_struct+0x44/0x2e0 pages=4 vmalloc N0=4
0xffffb9f084224000-0xffffb9f084229000   20480 dup_task_struct+0x44/0x2e0 pages=4 vmalloc N0=4
0xffffb9f084244000-0xffffb9f084249000   20480 dup_task_struct+0x44/0x2e0 pages=4 vmalloc N0=4
0xffffb9f084254000-0xffffb9f084259000   20480 dup_task_struct+0x44/0x2e0 pages=4 vmalloc N0=4
0xffffb9f084264000-0xffffb9f084269000   20480 dup_task_struct+0x44/0x2e0 pages=4 vmalloc N0=4
0xffffb9f08426c000-0xffffb9f084271000   20480 dup_task_struct+0x44/0x2e0 pages=4 vmalloc N0=4
0xffffb9f084284000-0xffffb9f084289000   20480 dup_task_struct+0x44/0x2e0 pages=4 vmalloc N0=4
0xffffb9f084294000-0xffffb9f084299000   20480 dup_task_struct+0x44/0x2e0 pages=4 vmalloc N0=4
0xffffb9f08429c000-0xffffb9f0842a1000   20480 dup_task_struct+0x44/0x2e0 pages=4 vmalloc N0=4
0xffffb9f0842a4000-0xffffb9f0842a9000   20480 dup_task_struct+0x44/0x2e0 pages=4 vmalloc N0=4
0xffffb9f084a28000-0xffffb9f084a2d000   20480 dup_task_struct+0x44/0x2e0 pages=4 vmalloc N0=4
0xffffb9f084a30000-0xffffb9f084a35000   20480 dup_task_struct+0x44/0x2e0 pages=4 vmalloc N0=4
0xffffb9f084a6c000-0xffffb9f084a71000   20480 dup_task_struct+0x44/0x2e0 pages=4 vmalloc N0=4
0xffffb9f084aa4000-0xffffb9f084aa9000   20480 dup_task_struct+0x44/0x2e0 pages=4 vmalloc N0=4
0xffffb9f084afc000-0xffffb9f084b01000   20480 dup_task_struct+0x44/0x2e0 pages=4 vmalloc N0=4
0xffffb9f0851d4000-0xffffb9f0851d9000   20480 dup_task_struct+0x44/0x2e0 pages=4 vmalloc N0=4
0xffffb9f0852a4000-0xffffb9f0852a9000   20480 dup_task_struct+0x44/0x2e0 pages=4 vmalloc N0=4
0xffffb9f086064000-0xffffb9f086069000   20480 dup_task_struct+0x44/0x2e0 pages=4 vmalloc N0=4
0xffffb9f0877cc000-0xffffb9f0877d1000   20480 dup_task_struct+0x44/0x2e0 pages=4 vmalloc N0=4
0xffffb9f087864000-0xffffb9f087869000   20480 dup_task_struct+0x44/0x2e0 pages=4 vmalloc N0=4
0xffffb9f0879f4000-0xffffb9f0879f9000   20480 dup_task_struct+0x44/0x2e0 pages=4 vmalloc N0=4
0xffffb9f087a04000-0xffffb9f087a09000   20480 dup_task_struct+0x44/0x2e0 pages=4 vmalloc N0=4
0xffffb9f087a0c000-0xffffb9f087a11000   20480 dup_task_struct+0x44/0x2e0 pages=4 vmalloc N0=4
0xffffb9f087a1c000-0xffffb9f087a21000   20480 dup_task_struct+0x44/0x2e0 pages=4 vmalloc N0=4
0xffffb9f087a2c000-0xffffb9f087a31000   20480 dup_task_struct+0x44/0x2e0 pages=4 vmalloc N0=4
0xffffb9f087f48000-0xffffb9f087f4d000   20480 dup_task_struct+0x44/0x2e0 pages=4 vmalloc N0=4
0xffffb9f089260000-0xffffb9f089265000   20480 dup_task_struct+0x44/0x2e0 pages=4 vmalloc N0=4
0xffffb9f089278000-0xffffb9f08927d000   20480 dup_task_struct+0x44/0x2e0 pages=4 vmalloc N0=4
0xffffb9f0898a0000-0xffffb9f0898a5000   20480 dup_task_struct+0x44/0x2e0 pages=4 vmalloc N0=4
0xffffb9f0898a8000-0xffffb9f0898ad000   20480 dup_task_struct+0x44/0x2e0 pages=4 vmalloc N0=4
0xffffb9f0898c8000-0xffffb9f0898cd000   20480 dup_task_struct+0x44/0x2e0 pages=4 vmalloc N0=4
0xffffb9f0898d0000-0xffffb9f0898d5000   20480 dup_task_struct+0x44/0x2e0 pages=4 vmalloc N0=4
0xffffb9f0898d8000-0xffffb9f0898dd000   20480 dup_task_struct+0x44/0x2e0 pages=4 vmalloc N0=4
0xffffb9f0898e0000-0xffffb9f0898e5000   20480 dup_task_struct+0x44/0x2e0 pages=4 vmalloc N0=4
0xffffb9f089918000-0xffffb9f08991d000   20480 dup_task_struct+0x44/0x2e0 pages=4 vmalloc N0=4
0xffffb9f089950000-0xffffb9f089955000   20480 dup_task_struct+0x44/0x2e0 pages=4 vmalloc N0=4
0xffffd9f07fa00000-0xffffd9f07fc00000 2097152 pcpu_get_vm_areas+0x0/0x10a0 vmalloc
0xffffd9f07fc00000-0xffffd9f07fe00000 2097152 pcpu_get_vm_areas+0x0/0x10a0 vmalloc
0xffffffffc0208000-0xffffffffc020a000    8192 bpf_jit_binary_alloc+0x58/0xd0 pages=1 vmalloc N0=1
0xffffffffc020a000-0xffffffffc020c000    8192 bpf_jit_binary_alloc+0x58/0xd0 pages=1 vmalloc N0=1
0xffffffffc020c000-0xffffffffc020e000    8192 bpf_jit_binary_alloc+0x58/0xd0 pages=1 vmalloc N0=1
0xffffffffc020e000-0xffffffffc0210000    8192 bpf_jit_binary_alloc+0x58/0xd0 pages=1 vmalloc N0=1
0xffffffffc0210000-0xffffffffc0212000    8192 bpf_jit_binary_alloc+0x58/0xd0 pages=1 vmalloc N0=1
0xffffffffc0212000-0xffffffffc0214000    8192 bpf_jit_binary_alloc+0x58/0xd0 pages=1 vmalloc N0=1
0xffffffffc0214000-0xffffffffc0216000    8192 bpf_jit_binary_alloc+0x58/0xd0 pages=1 vmalloc N0=1
0xffffffffc0216000-0xffffffffc0218000    8192 bpf_jit_binary_alloc+0x58/0xd0 pages=1 vmalloc N0=1
0xffffffffc0218000-0xffffffffc021a000    8192 bpf_jit_binary_alloc+0x58/0xd0 pages=1 vmalloc N0=1
0xffffffffc021a000-0xffffffffc021c000    8192 bpf_jit_binary_alloc+0x58/0xd0 pages=1 vmalloc N0=1
0xffffffffc021c000-0xffffffffc021e000    8192 bpf_jit_binary_alloc+0x58/0xd0 pages=1 vmalloc N0=1
0xffffffffc021e000-0xffffffffc0220000    8192 bpf_jit_binary_alloc+0x58/0xd0 pages=1 vmalloc N0=1
0xffffffffc0220000-0xffffffffc0222000    8192 bpf_jit_binary_alloc+0x58/0xd0 pages=1 vmalloc N0=1
0xffffffffc0222000-0xffffffffc0224000    8192 bpf_jit_binary_alloc+0x58/0xd0 pages=1 vmalloc N0=1
0xffffffffc0224000-0xffffffffc0226000    8192 bpf_jit_binary_alloc+0x58/0xd0 pages=1 vmalloc N0=1
0xffffffffc0226000-0xffffffffc0228000    8192 bpf_jit_binary_alloc+0x58/0xd0 pages=1 vmalloc N0=1
0xffffffffc0228000-0xffffffffc022a000    8192 bpf_jit_binary_alloc+0x58/0xd0 pages=1 vmalloc N0=1
0xffffffffc022a000-0xffffffffc022c000    8192 bpf_jit_binary_alloc+0x58/0xd0 pages=1 vmalloc N0=1
0xffffffffc022c000-0xffffffffc022e000    8192 bpf_jit_binary_alloc+0x58/0xd0 pages=1 vmalloc N0=1
0xffffffffc022e000-0xffffffffc0230000    8192 bpf_jit_binary_alloc+0x58/0xd0 pages=1 vmalloc N0=1
0xffffffffc0232000-0xffffffffc0237000   20480 move_module+0x1e/0x170 pages=4 vmalloc N0=4
0xffffffffc0237000-0xffffffffc0239000    8192 bpf_jit_binary_alloc+0x58/0xd0 pages=1 vmalloc N0=1
0xffffffffc0239000-0xffffffffc023b000    8192 bpf_jit_binary_alloc+0x58/0xd0 pages=1 vmalloc N0=1
0xffffffffc023b000-0xffffffffc023d000    8192 bpf_jit_binary_alloc+0x58/0xd0 pages=1 vmalloc N0=1
0xffffffffc023d000-0xffffffffc0242000   20480 move_module+0x1e/0x170 pages=4 vmalloc N0=4
0xffffffffc0242000-0xffffffffc0244000    8192 bpf_jit_binary_alloc+0x58/0xd0 pages=1 vmalloc N0=1
0xffffffffc0244000-0xffffffffc0287000  274432 move_module+0x1e/0x170 pages=66 vmalloc N0=66
0xffffffffc0287000-0xffffffffc0289000    8192 bpf_jit_binary_alloc+0x58/0xd0 pages=1 vmalloc N0=1
0xffffffffc0289000-0xffffffffc028b000    8192 bpf_jit_binary_alloc+0x58/0xd0 pages=1 vmalloc N0=1
0xffffffffc028b000-0xffffffffc028d000    8192 bpf_jit_binary_alloc+0x58/0xd0 pages=1 vmalloc N0=1
0xffffffffc028d000-0xffffffffc028f000    8192 bpf_jit_binary_alloc+0x58/0xd0 pages=1 vmalloc N0=1
0xffffffffc028f000-0xffffffffc0291000    8192 bpf_jit_binary_alloc+0x58/0xd0 pages=1 vmalloc N0=1
0xffffffffc0291000-0xffffffffc0293000    8192 bpf_jit_binary_alloc+0x58/0xd0 pages=1 vmalloc N0=1
0xffffffffc0293000-0xffffffffc0295000    8192 bpf_jit_binary_alloc+0x58/0xd0 pages=1 vmalloc N0=1
0xffffffffc0297000-0xffffffffc02a0000   36864 move_module+0x1e/0x170 pages=8 vmalloc N0=8
0xffffffffc02a0000-0xffffffffc02a2000    8192 bpf_jit_binary_alloc+0x58/0xd0 pages=1 vmalloc N0=1
0xffffffffc02a2000-0xffffffffc02a4000    8192 bpf_jit_binary_alloc+0x58/0xd0 pages=1 vmalloc N0=1
0xffffffffc02a4000-0xffffffffc02a6000    8192 bpf_jit_binary_alloc+0x58/0xd0 pages=1 vmalloc N0=1
0xffffffffc02a6000-0xffffffffc02a8000    8192 bpf_jit_binary_alloc+0x58/0xd0 pages=1 vmalloc N0=1
0xffffffffc02a8000-0xffffffffc02aa000    8192 bpf_jit_binary_alloc+0x58/0xd0 pages=1 vmalloc N0=1
0xffffffffc02aa000-0xffffffffc02ac000    8192 bpf_jit_binary_alloc+0x58/0xd0 pages=1 vmalloc N0=1
0xffffffffc02ac000-0xffffffffc02ae000    8192 bpf_jit_binary_alloc+0x58/0xd0 pages=1 vmalloc N0=1
0xffffffffc02ae000-0xffffffffc02b0000    8192 bpf_jit_binary_alloc+0x58/0xd0 pages=1 vmalloc N0=1
0xffffffffc02b0000-0xffffffffc02b2000    8192 bpf_jit_binary_alloc+0x58/0xd0 pages=1 vmalloc N0=1
0xffffffffc02b2000-0xffffffffc02cb000  102400 move_module+0x1e/0x170 pages=24 vmalloc N0=24
0xffffffffc02cb000-0xffffffffc02d0000   20480 move_module+0x1e/0x170 pages=4 vmalloc N0=4
0xffffffffc02d0000-0xffffffffc02d2000    8192 bpf_jit_binary_alloc+0x58/0xd0 pages=1 vmalloc N0=1
0xffffffffc02d3000-0xffffffffc02de000   45056 move_module+0x1e/0x170 pages=10 vmalloc N0=10
0xffffffffc02de000-0xffffffffc02e0000    8192 bpf_jit_binary_alloc+0x58/0xd0 pages=1 vmalloc N0=1
0xffffffffc02e0000-0xffffffffc02e2000    8192 bpf_jit_binary_alloc+0x58/0xd0 pages=1 vmalloc N0=1
0xffffffffc02e3000-0xffffffffc02fc000  102400 move_module+0x1e/0x170 pages=24 vmalloc N0=24
0xffffffffc02fc000-0xffffffffc0301000   20480 move_module+0x1e/0x170 pages=4 vmalloc N0=4
0xffffffffc0301000-0xffffffffc0303000    8192 bpf_jit_binary_alloc+0x58/0xd0 pages=1 vmalloc N0=1
0xffffffffc0305000-0xffffffffc0307000    8192 bpf_jit_binary_alloc+0x58/0xd0 pages=1 vmalloc N0=1
0xffffffffc0307000-0xffffffffc030c000   20480 move_module+0x1e/0x170 pages=4 vmalloc N0=4
0xffffffffc030c000-0xffffffffc030e000    8192 bpf_jit_binary_alloc+0x58/0xd0 pages=1 vmalloc N0=1
0xffffffffc030f000-0xffffffffc03ae000  651264 move_module+0x1e/0x170 pages=158 vmalloc N0=158
0xffffffffc03ae000-0xffffffffc03c5000   94208 move_module+0x1e/0x170 pages=22 vmalloc N0=22
0xffffffffc03c5000-0xffffffffc03c7000    8192 bpf_jit_binary_alloc+0x58/0xd0 pages=1 vmalloc N0=1
0xffffffffc03c7000-0xffffffffc03c9000    8192 bpf_jit_binary_alloc+0x58/0xd0 pages=1 vmalloc N0=1
0xffffffffc03c9000-0xffffffffc03cf000   24576 move_module+0x1e/0x170 pages=5 vmalloc N0=5
0xffffffffc03d1000-0xffffffffc03d3000    8192 bpf_jit_binary_alloc+0x58/0xd0 pages=1 vmalloc N0=1
0xffffffffc03d4000-0xffffffffc03d6000    8192 bpf_jit_binary_alloc+0x58/0xd0 pages=1 vmalloc N0=1
0xffffffffc03d6000-0xffffffffc03dc000   24576 move_module+0x1e/0x170 pages=5 vmalloc N0=5
0xffffffffc03dc000-0xffffffffc03de000    8192 bpf_jit_binary_alloc+0x58/0xd0 pages=1 vmalloc N0=1
0xffffffffc03de000-0xffffffffc03e5000   28672 move_module+0x1e/0x170 pages=6 vmalloc N0=6
0xffffffffc03e5000-0xffffffffc03e7000    8192 bpf_jit_binary_alloc+0x58/0xd0 pages=1 vmalloc N0=1
0xffffffffc03e7000-0xffffffffc03e9000    8192 bpf_jit_binary_alloc+0x58/0xd0 pages=1 vmalloc N0=1
0xffffffffc03e9000-0xffffffffc03ee000   20480 move_module+0x1e/0x170 pages=4 vmalloc N0=4
0xffffffffc03ee000-0xffffffffc03f0000    8192 bpf_jit_binary_alloc+0x58/0xd0 pages=1 vmalloc N0=1
0xffffffffc03f0000-0xffffffffc03f5000   20480 move_module+0x1e/0x170 pages=4 vmalloc N0=4
0xffffffffc03f5000-0xffffffffc03f7000    8192 bpf_jit_binary_alloc+0x58/0xd0 pages=1 vmalloc N0=1
0xffffffffc03f7000-0xffffffffc03fe000   28672 move_module+0x1e/0x170 pages=6 vmalloc N0=6
0xffffffffc03fe000-0xffffffffc0400000    8192 bpf_jit_binary_alloc+0x58/0xd0 pages=1 vmalloc N0=1
0xffffffffc0400000-0xffffffffc0402000    8192 bpf_jit_binary_alloc+0x58/0xd0 pages=1 vmalloc N0=1
0xffffffffc0404000-0xffffffffc0406000    8192 bpf_jit_binary_alloc+0x58/0xd0 pages=1 vmalloc N0=1
0xffffffffc0406000-0xffffffffc0408000    8192 bpf_jit_binary_alloc+0x58/0xd0 pages=1 vmalloc N0=1
0xffffffffc0409000-0xffffffffc040e000   20480 move_module+0x1e/0x170 pages=4 vmalloc N0=4
0xffffffffc040e000-0xffffffffc0413000   20480 move_module+0x1e/0x170 pages=4 vmalloc N0=4
0xffffffffc0413000-0xffffffffc0415000    8192 bpf_jit_binary_alloc+0x58/0xd0 pages=1 vmalloc N0=1
0xffffffffc0417000-0xffffffffc0419000    8192 bpf_jit_binary_alloc+0x58/0xd0 pages=1 vmalloc N0=1
0xffffffffc0419000-0xffffffffc041b000    8192 bpf_jit_binary_alloc+0x58/0xd0 pages=1 vmalloc N0=1
